<html>
<body>
<pre>
<h1>µVision Build Log</h1>
<h2>Tool Versions:</h2>
IDE-Version: ¦ÌVision V5.22.0.0
Copyright (C) 2016 ARM Ltd and ARM Germany GmbH. All rights reserved.
License Information: Yoyung Administrator, Yoyung, LIC=TA312-94FIG-JNIA8-3AUQ6-FY8SI-P8V58
 
Tool Versions:
Toolchain:       MDK-ARM Professional  Version: 5.22
Toolchain Path:  D:\Keil C51\ARM\ARMCC\Bin
C Compiler:      Armcc.exe V5.06 update 4 (build 422)
Assembler:       Armasm.exe V5.06 update 4 (build 422)
Linker/Locator:  ArmLink.exe V5.06 update 4 (build 422)
Library Manager: ArmAr.exe V5.06 update 4 (build 422)
Hex Converter:   FromElf.exe V5.06 update 4 (build 422)
CPU DLL:         SARMCM3.DLL V5.22
Dialog DLL:      DCM.DLL V1.13.9.0
Target DLL:      Segger\JL2CM3.dll V2.99.23.0
Dialog DLL:      TCM.DLL V1.21.0.0
 
<h2>Project:</h2>
E:\Last-time\Lesson -5_i\MDK-ARM\First Lesson.uvprojx
Project File Date:  10/26/2018

<h2>Output:</h2>
*** Using Compiler 'V5.06 update 4 (build 422)', folder: 'D:\Keil C51\ARM\ARMCC\Bin'
Rebuild target 'First Lesson'
compiling tim.c...
compiling dma.c...
compiling usart.c...
compiling gpio.c...
compiling freertos.c...
compiling stm32f1xx_it.c...
compiling main.c...
compiling stm32f1xx_hal_timebase_TIM.c...
compiling stm32f1xx_hal_msp.c...
compiling public.c...
compiling DS18b20Module.c...
compiling Far_ModifyTask_Resources.c...
compiling 485Module.c...
compiling GPRS_DataSendTask_Resources.c...
compiling Temp_ControlTask_Resources.c...
compiling stm32f1xx_hal_uart.c...
compiling stm32f1xx_hal_gpio_ex.c...
compiling BoardSet_Parameters.c...
compiling stm32f1xx_hal_tim_ex.c...
compiling Elfin-EG11_GPRS_Module.c...
compiling stm32f1xx_hal_tim.c...
compiling stm32f1xx_hal.c...
compiling stm32f1xx_hal_cortex.c...
compiling stm32f1xx_hal_gpio.c...
compiling stm32f1xx_hal_rcc_ex.c...
compiling stm32f1xx_hal_pwr.c...
assembling startup_stm32f103xe.s...
compiling stm32f1xx_hal_dma.c...
compiling stm32f1xx_hal_rcc.c...
compiling stm32f1xx_hal_flash.c...
compiling system_stm32f1xx.c...
compiling stm32f1xx_hal_flash_ex.c...
compiling croutine.c...
compiling event_groups.c...
compiling port.c...
compiling heap_4.c...
compiling list.c...
compiling trcKernelPort.c...
compiling queue.c...
compiling trcSnapshotRecorder.c...
compiling tasks.c...
compiling cmsis_os.c...
compiling SEGGER_RTT.c...
compiling timers.c...
compiling trcStreamingRecorder.c...
compiling trcStreamingPort.c...
linking...
Program Size: Code=34500 RO-data=580 RW-data=344 ZI-data=30160  
FromELF: creating hex file...
"First Lesson\First Lesson.axf" - 0 Error(s), 0 Warning(s).

<h2>Software Packages used:</h2>

Package Vendor: ARM
                http://www.keil.com/pack/ARM.CMSIS.5.0.0.pack
                ARM::CMSIS:CORE:5.0.0
                CMSIS (Cortex Microcontroller Software Interface Standard)
   * Component: CORE Version: 5.0.0

<h2>Collection of Component include folders:</h2>
  E:\Last-time\Lesson -5_i\MDK-ARM\RTE\_First_Lesson
  D:\Keil C51\ARM\PACK\ARM\CMSIS\5.0.0\CMSIS\Include
  D:\Keil C51\ARM\PACK\Keil\STM32F1xx_DFP\2.2.0\Device\Include

<h2>Collection of Component Files used:</h2>

   * Component: ARM::CMSIS:CORE:5.0.0
Build Time Elapsed:  00:00:26
</pre>
</body>
</html>
