Component: ARM Compiler 5.06 update 4 (build 422) Tool: armlink [4d35d2]

==============================================================================

Section Cross References

    main.o(i.HAL_TIM_PeriodElapsedCallback) refers to stm32f1xx_hal.o(i.HAL_IncTick) for HAL_IncTick
    main.o(i.SystemClock_Config) refers to stm32f1xx_hal_rcc.o(i.HAL_RCC_OscConfig) for HAL_RCC_OscConfig
    main.o(i.SystemClock_Config) refers to main.o(i._Error_Handler) for _Error_Handler
    main.o(i.SystemClock_Config) refers to stm32f1xx_hal_rcc.o(i.HAL_RCC_ClockConfig) for HAL_RCC_ClockConfig
    main.o(i.SystemClock_Config) refers to stm32f1xx_hal_rcc.o(i.HAL_RCC_GetHCLKFreq) for HAL_RCC_GetHCLKFreq
    main.o(i.SystemClock_Config) refers to stm32f1xx_hal_cortex.o(i.HAL_SYSTICK_Config) for HAL_SYSTICK_Config
    main.o(i.SystemClock_Config) refers to stm32f1xx_hal_cortex.o(i.HAL_SYSTICK_CLKSourceConfig) for HAL_SYSTICK_CLKSourceConfig
    main.o(i.SystemClock_Config) refers to stm32f1xx_hal_cortex.o(i.HAL_NVIC_SetPriority) for HAL_NVIC_SetPriority
    main.o(i.main) refers to stm32f1xx_hal.o(i.HAL_Init) for HAL_Init
    main.o(i.main) refers to main.o(i.SystemClock_Config) for SystemClock_Config
    main.o(i.main) refers to gpio.o(i.MX_GPIO_Init) for MX_GPIO_Init
    main.o(i.main) refers to dma.o(i.MX_DMA_Init) for MX_DMA_Init
    main.o(i.main) refers to usart.o(i.MX_USART1_UART_Init) for MX_USART1_UART_Init
    main.o(i.main) refers to usart.o(i.MX_USART2_UART_Init) for MX_USART2_UART_Init
    main.o(i.main) refers to usart.o(i.MX_USART3_UART_Init) for MX_USART3_UART_Init
    main.o(i.main) refers to stm32f1xx_hal_uart.o(i.HAL_UART_Receive_DMA) for HAL_UART_Receive_DMA
    main.o(i.main) refers to freertos.o(i.MX_FREERTOS_Init) for MX_FREERTOS_Init
    main.o(i.main) refers to cmsis_os.o(i.osKernelStart) for osKernelStart
    main.o(i.main) refers to public.o(.bss) for UsartType_1
    main.o(i.main) refers to usart.o(.bss) for huart1
    gpio.o(i.MX_GPIO_Init) refers to stm32f1xx_hal_gpio.o(i.HAL_GPIO_WritePin) for HAL_GPIO_WritePin
    gpio.o(i.MX_GPIO_Init) refers to stm32f1xx_hal_gpio.o(i.HAL_GPIO_Init) for HAL_GPIO_Init
    dma.o(i.MX_DMA_Init) refers to stm32f1xx_hal_cortex.o(i.HAL_NVIC_SetPriority) for HAL_NVIC_SetPriority
    dma.o(i.MX_DMA_Init) refers to stm32f1xx_hal_cortex.o(i.HAL_NVIC_EnableIRQ) for HAL_NVIC_EnableIRQ
    freertos.o(i.Far_ModifyTask) refers to queue.o(i.xQueueGenericReceive) for xQueueGenericReceive
    freertos.o(i.Far_ModifyTask) refers to public.o(i.gprsCRC) for gprsCRC
    freertos.o(i.Far_ModifyTask) refers to 485module.o(i.USART3_485_Send) for USART3_485_Send
    freertos.o(i.Far_ModifyTask) refers to heap_4.o(i.vPortFree) for vPortFree
    freertos.o(i.Far_ModifyTask) refers to far_modifytask_resources.o(.data) for Far_Modify
    freertos.o(i.Far_ModifyTask) refers to public.o(.bss) for BoardRegister
    freertos.o(i.GPRS_DataSendTask) refers to cmsis_os.o(i.osSemaphoreWait) for osSemaphoreWait
    freertos.o(i.GPRS_DataSendTask) refers to gprs_datasendtask_resources.o(i.Modbus_03_Search) for Modbus_03_Search
    freertos.o(i.GPRS_DataSendTask) refers to queue.o(i.xQueueGenericReceive) for xQueueGenericReceive
    freertos.o(i.GPRS_DataSendTask) refers to gprs_datasendtask_resources.o(i.Modbus_Modify) for Modbus_Modify
    freertos.o(i.GPRS_DataSendTask) refers to heap_4.o(i.vPortFree) for vPortFree
    freertos.o(i.GPRS_DataSendTask) refers to freertos.o(.data) for bSem_GPRS_DataSendHandle
    freertos.o(i.GPRS_DataSendTask) refers to gprs_datasendtask_resources.o(.data) for GPRS_DataSend
    freertos.o(i.MX_FREERTOS_Init) refers to cmsis_os.o(i.osSemaphoreCreate) for osSemaphoreCreate
    freertos.o(i.MX_FREERTOS_Init) refers to cmsis_os.o(i.osTimerCreate) for osTimerCreate
    freertos.o(i.MX_FREERTOS_Init) refers to cmsis_os.o(i.osTimerStart) for osTimerStart
    freertos.o(i.MX_FREERTOS_Init) refers to memcpya.o(.text) for __aeabi_memcpy4
    freertos.o(i.MX_FREERTOS_Init) refers to cmsis_os.o(i.osThreadCreate) for osThreadCreate
    freertos.o(i.MX_FREERTOS_Init) refers to queue.o(i.xQueueGenericCreate) for xQueueGenericCreate
    freertos.o(i.MX_FREERTOS_Init) refers to freertos.o(.data) for bSem_USART1_ServeHandle
    freertos.o(i.MX_FREERTOS_Init) refers to freertos.o(.constdata) for .constdata
    freertos.o(i.MX_FREERTOS_Init) refers to far_modifytask_resources.o(.data) for Far_Modify
    freertos.o(i.MX_FREERTOS_Init) refers to gprs_datasendtask_resources.o(.data) for GPRS_DataSend
    freertos.o(i.Timer_GPRS_DataSendCallback) refers to cmsis_os.o(i.osSemaphoreRelease) for osSemaphoreRelease
    freertos.o(i.Timer_GPRS_DataSendCallback) refers to freertos.o(.data) for bSem_GPRS_DataSendHandle
    freertos.o(i.USART1_Serve_Task) refers to cmsis_os.o(i.osSemaphoreWait) for osSemaphoreWait
    freertos.o(i.USART1_Serve_Task) refers to freertos.o(.data) for bSem_USART1_ServeHandle
    freertos.o(i.USART1_Serve_Task) refers to public.o(.bss) for UsartType_1
[...]
    ../Middlewares/Third_Party/FreeRTOS/Source/portable/MemMang/heap_4.c 0x00000000   Number         0  heap_4.o ABSOLUTE
    ../Middlewares/Third_Party/FreeRTOS/Source/portable/RVDS/ARM_CM3/port.c 0x00000000   Number         0  port.o ABSOLUTE
    ../Middlewares/Third_Party/FreeRTOS/Source/queue.c 0x00000000   Number         0  queue.o ABSOLUTE
    ../Middlewares/Third_Party/FreeRTOS/Source/tasks.c 0x00000000   Number         0  tasks.o ABSOLUTE
    ../Middlewares/Third_Party/FreeRTOS/Source/timers.c 0x00000000   Number         0  timers.o ABSOLUTE
    ../Src/dma.c                             0x00000000   Number         0  dma.o ABSOLUTE
    ../Src/freertos.c                        0x00000000   Number         0  freertos.o ABSOLUTE
    ../Src/gpio.c                            0x00000000   Number         0  gpio.o ABSOLUTE
    ../Src/main.c                            0x00000000   Number         0  main.o ABSOLUTE
    ../Src/stm32f1xx_hal_msp.c               0x00000000   Number         0  stm32f1xx_hal_msp.o ABSOLUTE
    ../Src/stm32f1xx_hal_timebase_TIM.c      0x00000000   Number         0  stm32f1xx_hal_timebase_tim.o ABSOLUTE
    ../Src/stm32f1xx_it.c                    0x00000000   Number         0  stm32f1xx_it.o ABSOLUTE
    ../Src/usart.c                           0x00000000   Number         0  usart.o ABSOLUTE
    ../clib/microlib/init/entry.s            0x00000000   Number         0  entry5.o ABSOLUTE
    ../clib/microlib/init/entry.s            0x00000000   Number         0  entry11a.o ABSOLUTE
    ../clib/microlib/init/entry.s            0x00000000   Number         0  entry11b.o ABSOLUTE
    ../clib/microlib/init/entry.s            0x00000000   Number         0  entry8b.o ABSOLUTE
    ../clib/microlib/init/entry.s            0x00000000   Number         0  entry9a.o ABSOLUTE
    ../clib/microlib/init/entry.s            0x00000000   Number         0  entry.o ABSOLUTE
    ../clib/microlib/init/entry.s            0x00000000   Number         0  entry10b.o ABSOLUTE
    ../clib/microlib/init/entry.s            0x00000000   Number         0  entry9b.o ABSOLUTE
    ../clib/microlib/init/entry.s            0x00000000   Number         0  entry10a.o ABSOLUTE
    ../clib/microlib/init/entry.s            0x00000000   Number         0  entry8a.o ABSOLUTE
    ../clib/microlib/init/entry.s            0x00000000   Number         0  entry7b.o ABSOLUTE
    ../clib/microlib/init/entry.s            0x00000000   Number         0  entry7a.o ABSOLUTE
    ../clib/microlib/init/entry.s            0x00000000   Number         0  entry2.o ABSOLUTE
    ../clib/microlib/longlong.c              0x00000000   Number         0  llushr.o ABSOLUTE
    ../clib/microlib/string/memcpy.c         0x00000000   Number         0  memcpya.o ABSOLUTE
    ../clib/microlib/string/memcpy.c         0x00000000   Number         0  memcpyb.o ABSOLUTE
    ../clib/microlib/string/memset.c         0x00000000   Number         0  memseta.o ABSOLUTE
    ../clib/microlib/stubs.s                 0x00000000   Number         0  iusefp.o ABSOLUTE
    ../fplib/microlib/fpfix.c                0x00000000   Number         0  ffixui.o ABSOLUTE
    ..\Drivers\STM32F1xx_HAL_Driver\Src\stm32f1xx_hal.c 0x00000000   Number         0  stm32f1xx_hal.o ABSOLUTE
    ..\Drivers\STM32F1xx_HAL_Driver\Src\stm32f1xx_hal_cortex.c 0x00000000   Number         0  stm32f1xx_hal_cortex.o ABSOLUTE
    ..\Drivers\STM32F1xx_HAL_Driver\Src\stm32f1xx_hal_dma.c 0x00000000   Number         0  stm32f1xx_hal_dma.o ABSOLUTE
    ..\Drivers\STM32F1xx_HAL_Driver\Src\stm32f1xx_hal_flash.c 0x00000000   Number         0  stm32f1xx_hal_flash.o ABSOLUTE
    ..\Drivers\STM32F1xx_HAL_Driver\Src\stm32f1xx_hal_flash_ex.c 0x00000000   Number         0  stm32f1xx_hal_flash_ex.o ABSOLUTE
    ..\Drivers\STM32F1xx_HAL_Driver\Src\stm32f1xx_hal_gpio.c 0x00000000   Number         0  stm32f1xx_hal_gpio.o ABSOLUTE
    ..\Drivers\STM32F1xx_HAL_Driver\Src\stm32f1xx_hal_gpio_ex.c 0x00000000   Number         0  stm32f1xx_hal_gpio_ex.o ABSOLUTE
    ..\Drivers\STM32F1xx_HAL_Driver\Src\stm32f1xx_hal_pwr.c 0x00000000   Number         0  stm32f1xx_hal_pwr.o ABSOLUTE
    ..\Drivers\STM32F1xx_HAL_Driver\Src\stm32f1xx_hal_rcc.c 0x00000000   Number         0  stm32f1xx_hal_rcc.o ABSOLUTE
    ..\Drivers\STM32F1xx_HAL_Driver\Src\stm32f1xx_hal_rcc_ex.c 0x00000000   Number         0  stm32f1xx_hal_rcc_ex.o ABSOLUTE
    ..\Drivers\STM32F1xx_HAL_Driver\Src\stm32f1xx_hal_tim.c 0x00000000   Number         0  stm32f1xx_hal_tim.o ABSOLUTE
    ..\Drivers\STM32F1xx_HAL_Driver\Src\stm32f1xx_hal_tim_ex.c 0x00000000   Number         0  stm32f1xx_hal_tim_ex.o ABSOLUTE
    ..\Drivers\STM32F1xx_HAL_Driver\Src\stm32f1xx_hal_uart.c 0x00000000   Number         0  stm32f1xx_hal_uart.o ABSOLUTE
    ..\Middlewares\Third_Party\FreeRTOS\Source\CMSIS_RTOS\cmsis_os.c 0x00000000   Number         0  cmsis_os.o ABSOLUTE
    ..\Middlewares\Third_Party\FreeRTOS\Source\portable\RVDS\ARM_CM3\port.c 0x00000000   Number         0  port.o ABSOLUTE
    ..\Src\dma.c                             0x00000000   Number         0  dma.o ABSOLUTE
    ..\Src\freertos.c                        0x00000000   Number         0  freertos.o ABSOLUTE
    ..\Src\gpio.c                            0x00000000   Number         0  gpio.o ABSOLUTE
    ..\Src\main.c                            0x00000000   Number         0  main.o ABSOLUTE
    ..\Src\stm32f1xx_hal_msp.c               0x00000000   Number         0  stm32f1xx_hal_msp.o ABSOLUTE
    ..\Src\stm32f1xx_hal_timebase_TIM.c      0x00000000   Number         0  stm32f1xx_hal_timebase_tim.o ABSOLUTE
    ..\Src\stm32f1xx_it.c                    0x00000000   Number         0  stm32f1xx_it.o ABSOLUTE
    ..\Src\usart.c                           0x00000000   Number         0  usart.o ABSOLUTE
    ..\\Src\system_stm32f1xx.c               0x00000000   Number         0  system_stm32f1xx.o ABSOLUTE
    Myself\485Module.c                       0x00000000   Number         0  485module.o ABSOLUTE
    Myself\Far_ModifyTask_Resources.c        0x00000000   Number         0  far_modifytask_resources.o ABSOLUTE
    Myself\GPRS_DataSendTask_Resources.c     0x00000000   Number         0  gprs_datasendtask_resources.o ABSOLUTE
    Myself\\485Module.c                      0x00000000   Number         0  485module.o ABSOLUTE
    Myself\\Far_ModifyTask_Resources.c       0x00000000   Number         0  far_modifytask_resources.o ABSOLUTE
    Myself\\GPRS_DataSendTask_Resources.c    0x00000000   Number         0  gprs_datasendtask_resources.o ABSOLUTE
    Myself\\public.c                         0x00000000   Number         0  public.o ABSOLUTE
    Myself\public.c                          0x00000000   Number         0  public.o ABSOLUTE
    dc.s                                     0x00000000   Number         0  dc.o ABSOLUTE
    handlers.s                               0x00000000   Number         0  handlers.o ABSOLUTE
    init.s                                   0x00000000   Number         0  init.o ABSOLUTE
    startup_stm32f103xe.s                    0x00000000   Number         0  startup_stm32f103xe.o ABSOLUTE
    RESET                                    0x08000000   Section      304  startup_stm32f103xe.o(RESET)
    .ARM.Collect$$$$00000000                 0x08000130   Section        0  entry.o(.ARM.Collect$$$$00000000)
    .ARM.Collect$$$$00000001                 0x08000130   Section        4  entry2.o(.ARM.Collect$$$$00000001)
    .ARM.Collect$$$$00000004                 0x08000134   Section        4  entry5.o(.ARM.Collect$$$$00000004)
    .ARM.Collect$$$$00000008                 0x08000138   Section        0  entry7b.o(.ARM.Collect$$$$00000008)
    .ARM.Collect$$$$0000000A                 0x08000138   Section        0  entry8b.o(.ARM.Collect$$$$0000000A)
    .ARM.Collect$$$$0000000B                 0x08000138   Section        8  entry9a.o(.ARM.Collect$$$$0000000B)
    .ARM.Collect$$$$0000000D                 0x08000140   Section        0  entry10a.o(.ARM.Collect$$$$0000000D)
    .ARM.Collect$$$$0000000F                 0x08000140   Section        0  entry11a.o(.ARM.Collect$$$$0000000F)
    .ARM.Collect$$$$00002712                 0x08000140   Section        4  entry2.o(.ARM.Collect$$$$00002712)
    __lit__00000000                          0x08000140   Data           4  entry2.o(.ARM.Collect$$$$00002712)
    .emb_text                                0x08000144   Section      150  port.o(.emb_text)
    .text                                    0x080001dc   Section       36  startup_stm32f103xe.o(.text)
    .text                                    0x08000200   Section        0  memcpya.o(.text)
    .text                                    0x08000224   Section        0  memseta.o(.text)
    .text                                    0x08000248   Section        0  ffixui.o(.text)
    .text                                    0x08000270   Section       36  init.o(.text)
    .text                                    0x08000270   Section        0  iusefp.o(.text)
    i.ArrayTurn                              0x08000294   Section        0  public.o(i.ArrayTurn)
    i.BusFault_Handler                       0x080002c8   Section        0  stm32f1xx_it.o(i.BusFault_Handler)
    i.DMA1_Channel3_IRQHandler               0x080002cc   Section        0  stm32f1xx_it.o(i.DMA1_Channel3_IRQHandler)
    i.DMA1_Channel5_IRQHandler               0x080002dc   Section        0  stm32f1xx_it.o(i.DMA1_Channel5_IRQHandler)
    i.DMA1_Channel6_IRQHandler               0x080002ec   Section        0  stm32f1xx_it.o(i.DMA1_Channel6_IRQHandler)
    i.DMA_SetConfig                          0x080002fc   Section        0  stm32f1xx_hal_dma.o(i.DMA_SetConfig)
    DMA_SetConfig                            0x080002fd   Thumb Code    44  stm32f1xx_hal_dma.o(i.DMA_SetConfig)
    i.DebugMon_Handler                       0x08000328   Section        0  stm32f1xx_it.o(i.DebugMon_Handler)
    i.Far_ModifyTask                         0x0800032c   Section        0  freertos.o(i.Far_ModifyTask)
    i.GPRS_DataSendTask                      0x08000410   Section        0  freertos.o(i.GPRS_DataSendTask)
    i.HAL_DMA_Abort                          0x080004dc   Section        0  stm32f1xx_hal_dma.o(i.HAL_DMA_Abort)
    i.HAL_DMA_Abort_IT                       0x08000518   Section        0  stm32f1xx_hal_dma.o(i.HAL_DMA_Abort_IT)
    i.HAL_DMA_IRQHandler                     0x080006c0   Section        0  stm32f1xx_hal_dma.o(i.HAL_DMA_IRQHandler)
    i.HAL_DMA_Init                           0x08000a58   Section        0  stm32f1xx_hal_dma.o(i.HAL_DMA_Init)
    i.HAL_DMA_Start_IT                       0x08000aec   Section        0  stm32f1xx_hal_dma.o(i.HAL_DMA_Start_IT)
    i.HAL_GPIO_Init                          0x08000b88   Section        0  stm32f1xx_hal_gpio.o(i.HAL_GPIO_Init)
    i.HAL_GPIO_WritePin                      0x08000ec8   Section        0  stm32f1xx_hal_gpio.o(i.HAL_GPIO_WritePin)
    i.HAL_GetTick                            0x08000ed4   Section        0  stm32f1xx_hal.o(i.HAL_GetTick)
    i.HAL_IncTick                            0x08000ee0   Section        0  stm32f1xx_hal.o(i.HAL_IncTick)
    i.HAL_Init                               0x08000ef8   Section        0  stm32f1xx_hal.o(i.HAL_Init)
    i.HAL_InitTick                           0x08000f20   Section        0  stm32f1xx_hal_timebase_tim.o(i.HAL_InitTick)
    i.HAL_MspInit                            0x08000fa8   Section        0  stm32f1xx_hal_msp.o(i.HAL_MspInit)
    i.HAL_NVIC_EnableIRQ                     0x0800104c   Section        0  stm32f1xx_hal_cortex.o(i.HAL_NVIC_EnableIRQ)
    i.HAL_NVIC_SetPriority                   0x08001066   Section        0  stm32f1xx_hal_cortex.o(i.HAL_NVIC_SetPriority)
    i.HAL_NVIC_SetPriorityGrouping           0x080010e4   Section        0  stm32f1xx_hal_cortex.o(i.HAL_NVIC_SetPriorityGrouping)
    i.HAL_RCC_ClockConfig                    0x0800110c   Section        0  stm32f1xx_hal_rcc.o(i.HAL_RCC_ClockConfig)
    i.HAL_RCC_GetClockConfig                 0x080012b0   Section        0  stm32f1xx_hal_rcc.o(i.HAL_RCC_GetClockConfig)
    i.HAL_RCC_GetHCLKFreq                    0x080012f4   Section        0  stm32f1xx_hal_rcc.o(i.HAL_RCC_GetHCLKFreq)
    i.HAL_RCC_GetPCLK1Freq                   0x08001300   Section        0  stm32f1xx_hal_rcc.o(i.HAL_RCC_GetPCLK1Freq)
    i.HAL_RCC_GetPCLK2Freq                   0x08001320   Section        0  stm32f1xx_hal_rcc.o(i.HAL_RCC_GetPCLK2Freq)
    i.HAL_RCC_GetSysClockFreq                0x08001340   Section        0  stm32f1xx_hal_rcc.o(i.HAL_RCC_GetSysClockFreq)
    i.HAL_RCC_OscConfig                      0x080013d4   Section        0  stm32f1xx_hal_rcc.o(i.HAL_RCC_OscConfig)
    i.HAL_SYSTICK_CLKSourceConfig            0x08001814   Section        0  stm32f1xx_hal_cortex.o(i.HAL_SYSTICK_CLKSourceConfig)
    i.HAL_SYSTICK_Config                     0x0800183c   Section        0  stm32f1xx_hal_cortex.o(i.HAL_SYSTICK_Config)
    i.HAL_TIMEx_BreakCallback                0x08001870   Section        0  stm32f1xx_hal_tim_ex.o(i.HAL_TIMEx_BreakCallback)
    i.HAL_TIMEx_CommutationCallback          0x08001872   Section        0  stm32f1xx_hal_tim_ex.o(i.HAL_TIMEx_CommutationCallback)
    i.HAL_TIM_Base_Init                      0x08001874   Section        0  stm32f1xx_hal_tim.o(i.HAL_TIM_Base_Init)
    i.HAL_TIM_Base_MspInit                   0x080018a8   Section        0  stm32f1xx_hal_tim.o(i.HAL_TIM_Base_MspInit)
    i.HAL_TIM_Base_Start_IT                  0x080018aa   Section        0  stm32f1xx_hal_tim.o(i.HAL_TIM_Base_Start_IT)
    i.HAL_TIM_IC_CaptureCallback             0x080018c8   Section        0  stm32f1xx_hal_tim.o(i.HAL_TIM_IC_CaptureCallback)
    i.HAL_TIM_IRQHandler                     0x080018ca   Section        0  stm32f1xx_hal_tim.o(i.HAL_TIM_IRQHandler)
    i.HAL_TIM_OC_DelayElapsedCallback        0x08001a60   Section        0  stm32f1xx_hal_tim.o(i.HAL_TIM_OC_DelayElapsedCallback)
    i.HAL_TIM_PWM_PulseFinishedCallback      0x08001a62   Section        0  stm32f1xx_hal_tim.o(i.HAL_TIM_PWM_PulseFinishedCallback)
    i.HAL_TIM_PeriodElapsedCallback          0x08001a64   Section        0  main.o(i.HAL_TIM_PeriodElapsedCallback)
    i.HAL_TIM_TriggerCallback                0x08001a7c   Section        0  stm32f1xx_hal_tim.o(i.HAL_TIM_TriggerCallback)
    i.HAL_UART_DMAStop                       0x08001a7e   Section        0  stm32f1xx_hal_uart.o(i.HAL_UART_DMAStop)
    i.HAL_UART_ErrorCallback                 0x08001ae4   Section        0  stm32f1xx_hal_uart.o(i.HAL_UART_ErrorCallback)
    i.HAL_UART_IRQHandler                    0x08001ae8   Section        0  stm32f1xx_hal_uart.o(i.HAL_UART_IRQHandler)
    i.HAL_UART_Init                          0x08001c34   Section        0  stm32f1xx_hal_uart.o(i.HAL_UART_Init)
    i.HAL_UART_MspInit                       0x08001ca8   Section        0  usart.o(i.HAL_UART_MspInit)
    i.HAL_UART_Receive_DMA                   0x08001ed4   Section        0  stm32f1xx_hal_uart.o(i.HAL_UART_Receive_DMA)
    i.HAL_UART_RxCpltCallback                0x08001f98   Section        0  stm32f1xx_hal_uart.o(i.HAL_UART_RxCpltCallback)
    i.HAL_UART_RxHalfCpltCallback            0x08001f9a   Section        0  stm32f1xx_hal_uart.o(i.HAL_UART_RxHalfCpltCallback)
    i.HAL_UART_Transmit                      0x08001f9c   Section        0  stm32f1xx_hal_uart.o(i.HAL_UART_Transmit)
    i.HAL_UART_TxCpltCallback                0x08002072   Section        0  stm32f1xx_hal_uart.o(i.HAL_UART_TxCpltCallback)
    i.HardFault_Handler                      0x08002074   Section        0  stm32f1xx_it.o(i.HardFault_Handler)
    i.MX_DMA_Init                            0x08002078   Section        0  dma.o(i.MX_DMA_Init)
    i.MX_FREERTOS_Init                       0x080020cc   Section        0  freertos.o(i.MX_FREERTOS_Init)
    i.MX_GPIO_Init                           0x080021fc   Section        0  gpio.o(i.MX_GPIO_Init)
    i.MX_USART1_UART_Init                    0x080022a4   Section        0  usart.o(i.MX_USART1_UART_Init)
    i.MX_USART2_UART_Init                    0x080022f0   Section        0  usart.o(i.MX_USART2_UART_Init)
    i.MX_USART3_UART_Init                    0x08002340   Section        0  usart.o(i.MX_USART3_UART_Init)
    i.MemManage_Handler                      0x0800238c   Section        0  stm32f1xx_it.o(i.MemManage_Handler)
    i.Modbus_03_Search                       0x08002390   Section        0  gprs_datasendtask_resources.o(i.Modbus_03_Search)
    i.Modbus_Modify                          0x08002410   Section        0  gprs_datasendtask_resources.o(i.Modbus_Modify)
    i.NMI_Handler                            0x08002654   Section        0  stm32f1xx_it.o(i.NMI_Handler)
    i.NVIC_GetPriorityGrouping               0x08002658   Section        0  stm32f1xx_hal_cortex.o(i.NVIC_GetPriorityGrouping)
    NVIC_GetPriorityGrouping                 0x08002659   Thumb Code    10  stm32f1xx_hal_cortex.o(i.NVIC_GetPriorityGrouping)
    i.NVIC_SetPriority                       0x08002668   Section        0  stm32f1xx_hal_cortex.o(i.NVIC_SetPriority)
    NVIC_SetPriority                         0x08002669   Thumb Code    32  stm32f1xx_hal_cortex.o(i.NVIC_SetPriority)
    i.RCC_Delay                              0x08002690   Section        0  stm32f1xx_hal_rcc.o(i.RCC_Delay)
    RCC_Delay                                0x08002691   Thumb Code    36  stm32f1xx_hal_rcc.o(i.RCC_Delay)
    i.SysTick_Handler                        0x080026b8   Section        0  stm32f1xx_it.o(i.SysTick_Handler)
    i.SystemClock_Config                     0x080026c0   Section        0  main.o(i.SystemClock_Config)
    i.SystemInit                             0x08002750   Section        0  system_stm32f1xx.o(i.SystemInit)
    i.TIM8_UP_IRQHandler                     0x080027a8   Section        0  stm32f1xx_it.o(i.TIM8_UP_IRQHandler)
    i.TIM_Base_SetConfig                     0x080027b8   Section        0  stm32f1xx_hal_tim.o(i.TIM_Base_SetConfig)
    i.Timer_GPRS_DataSendCallback            0x08002850   Section        0  freertos.o(i.Timer_GPRS_DataSendCallback)
    i.UART_DMAAbortOnError                   0x08002864   Section        0  stm32f1xx_hal_uart.o(i.UART_DMAAbortOnError)
    UART_DMAAbortOnError                     0x08002865   Thumb Code    20  stm32f1xx_hal_uart.o(i.UART_DMAAbortOnError)
    i.UART_DMAError                          0x08002878   Section        0  stm32f1xx_hal_uart.o(i.UART_DMAError)
    UART_DMAError                            0x08002879   Thumb Code    80  stm32f1xx_hal_uart.o(i.UART_DMAError)
    i.UART_DMAReceiveCplt                    0x080028c8   Section        0  stm32f1xx_hal_uart.o(i.UART_DMAReceiveCplt)
    UART_DMAReceiveCplt                      0x080028c9   Thumb Code    70  stm32f1xx_hal_uart.o(i.UART_DMAReceiveCplt)
    i.UART_DMARxHalfCplt                     0x0800290e   Section        0  stm32f1xx_hal_uart.o(i.UART_DMARxHalfCplt)
    UART_DMARxHalfCplt                       0x0800290f   Thumb Code    14  stm32f1xx_hal_uart.o(i.UART_DMARxHalfCplt)
    i.UART_EndRxTransfer                     0x0800291c   Section        0  stm32f1xx_hal_uart.o(i.UART_EndRxTransfer)
    UART_EndRxTransfer                       0x0800291d   Thumb Code    32  stm32f1xx_hal_uart.o(i.UART_EndRxTransfer)
    i.UART_EndTransmit_IT                    0x0800293c   Section        0  stm32f1xx_hal_uart.o(i.UART_EndTransmit_IT)
    UART_EndTransmit_IT                      0x0800293d   Thumb Code    32  stm32f1xx_hal_uart.o(i.UART_EndTransmit_IT)
    i.UART_EndTxTransfer                     0x0800295c   Section        0  stm32f1xx_hal_uart.o(i.UART_EndTxTransfer)
    UART_EndTxTransfer                       0x0800295d   Thumb Code    20  stm32f1xx_hal_uart.o(i.UART_EndTxTransfer)
    i.UART_Receive_IT                        0x08002970   Section        0  stm32f1xx_hal_uart.o(i.UART_Receive_IT)
    UART_Receive_IT                          0x08002971   Thumb Code   166  stm32f1xx_hal_uart.o(i.UART_Receive_IT)
    i.UART_SetConfig                         0x08002a18   Section        0  stm32f1xx_hal_uart.o(i.UART_SetConfig)
    UART_SetConfig                           0x08002a19   Thumb Code   450  stm32f1xx_hal_uart.o(i.UART_SetConfig)
    i.UART_Transmit_IT                       0x08002be0   Section        0  stm32f1xx_hal_uart.o(i.UART_Transmit_IT)
    UART_Transmit_IT                         0x08002be1   Thumb Code   104  stm32f1xx_hal_uart.o(i.UART_Transmit_IT)
    i.UART_WaitOnFlagUntilTimeout            0x08002c48   Section        0  stm32f1xx_hal_uart.o(i.UART_WaitOnFlagUntilTimeout)
    UART_WaitOnFlagUntilTimeout              0x08002c49   Thumb Code   108  stm32f1xx_hal_uart.o(i.UART_WaitOnFlagUntilTimeout)
    i.USART1_IRQHandler                      0x08002cb4   Section        0  stm32f1xx_it.o(i.USART1_IRQHandler)
    i.USART1_Serve_Task                      0x08002cdc   Section        0  freertos.o(i.USART1_Serve_Task)
    i.USART2_485_Send                        0x08002d08   Section        0  485module.o(i.USART2_485_Send)
    i.USART2_IRQHandler                      0x08002d3c   Section        0  stm32f1xx_it.o(i.USART2_IRQHandler)
    i.USART2_Serve_Task                      0x08002d64   Section        0  freertos.o(i.USART2_Serve_Task)
    i.USART3_485_Send                        0x08002de0   Section        0  485module.o(i.USART3_485_Send)
    i.USART3_IRQHandler                      0x08002e14   Section        0  stm32f1xx_it.o(i.USART3_IRQHandler)
    i.USART3_Serve_Task                      0x08002e3c   Section        0  freertos.o(i.USART3_Serve_Task)
    i.UsageFault_Handler                     0x08002ea4   Section        0  stm32f1xx_it.o(i.UsageFault_Handler)
    i.UsartReceive_IDLE                      0x08002ea8   Section        0  public.o(i.UsartReceive_IDLE)
    i._Error_Handler                         0x08002ef0   Section        0  main.o(i._Error_Handler)
    i.__scatterload_copy                     0x08002ef4   Section       14  handlers.o(i.__scatterload_copy)
    i.__scatterload_null                     0x08002f02   Section        2  handlers.o(i.__scatterload_null)
    i.__scatterload_zeroinit                 0x08002f04   Section       14  handlers.o(i.__scatterload_zeroinit)
    i.gprsCRC                                0x08002f12   Section        0  public.o(i.gprsCRC)
    i.inHandlerMode                          0x08002f48   Section        0  cmsis_os.o(i.inHandlerMode)
    inHandlerMode                            0x08002f49   Thumb Code    16  cmsis_os.o(i.inHandlerMode)
    i.main                                   0x08002f58   Section        0  main.o(i.main)
    i.makeFreeRtosPriority                   0x08002fec   Section        0  cmsis_os.o(i.makeFreeRtosPriority)
    makeFreeRtosPriority                     0x08002fed   Thumb Code    14  cmsis_os.o(i.makeFreeRtosPriority)
    i.osKernelStart                          0x08002ffa   Section        0  cmsis_os.o(i.osKernelStart)
    i.osSemaphoreCreate                      0x08003004   Section        0  cmsis_os.o(i.osSemaphoreCreate)
    i.osSemaphoreRelease                     0x08003030   Section        0  cmsis_os.o(i.osSemaphoreRelease)
    i.osSemaphoreWait                        0x08003080   Section        0  cmsis_os.o(i.osSemaphoreWait)
    i.osSystickHandler                       0x080030ec   Section        0  cmsis_os.o(i.osSystickHandler)
    i.osThreadCreate                         0x080030fc   Section        0  cmsis_os.o(i.osThreadCreate)
    i.osTimerCreate                          0x0800312c   Section        0  cmsis_os.o(i.osTimerCreate)
    i.osTimerStart                           0x08003154   Section        0  cmsis_os.o(i.osTimerStart)
    i.prvAddCurrentTaskToDelayedList         0x080031bc   Section        0  tasks.o(i.prvAddCurrentTaskToDelayedList)
    prvAddCurrentTaskToDelayedList           0x080031bd   Thumb Code   124  tasks.o(i.prvAddCurrentTaskToDelayedList)
    i.prvAddNewTaskToReadyList               0x08003254   Section        0  tasks.o(i.prvAddNewTaskToReadyList)
    prvAddNewTaskToReadyList                 0x08003255   Thumb Code   150  tasks.o(i.prvAddNewTaskToReadyList)
    i.prvCheckForValidListAndQueue           0x08003308   Section        0  timers.o(i.prvCheckForValidListAndQueue)
    prvCheckForValidListAndQueue             0x08003309   Thumb Code    72  timers.o(i.prvCheckForValidListAndQueue)
    i.prvCheckTasksWaitingTermination        0x0800336c   Section        0  tasks.o(i.prvCheckTasksWaitingTermination)
    prvCheckTasksWaitingTermination          0x0800336d   Thumb Code    86  tasks.o(i.prvCheckTasksWaitingTermination)
    i.prvCopyDataFromQueue                   0x080033d0   Section        0  queue.o(i.prvCopyDataFromQueue)
    prvCopyDataFromQueue                     0x080033d1   Thumb Code    42  queue.o(i.prvCopyDataFromQueue)
    i.prvCopyDataToQueue                     0x080033fa   Section        0  queue.o(i.prvCopyDataToQueue)
    prvCopyDataToQueue                       0x080033fb   Thumb Code   124  queue.o(i.prvCopyDataToQueue)
    i.prvDeleteTCB                           0x08003476   Section        0  tasks.o(i.prvDeleteTCB)
    prvDeleteTCB                             0x08003477   Thumb Code    18  tasks.o(i.prvDeleteTCB)
    i.prvGetNextExpireTime                   0x08003488   Section        0  timers.o(i.prvGetNextExpireTime)
    prvGetNextExpireTime                     0x08003489   Thumb Code    36  timers.o(i.prvGetNextExpireTime)
    i.prvHeapInit                            0x080034b0   Section        0  heap_4.o(i.prvHeapInit)
    prvHeapInit                              0x080034b1   Thumb Code    98  heap_4.o(i.prvHeapInit)
    i.prvIdleTask                            0x0800352c   Section        0  tasks.o(i.prvIdleTask)
    prvIdleTask                              0x0800352d   Thumb Code    32  tasks.o(i.prvIdleTask)
    i.prvInitialiseNewQueue                  0x08003554   Section        0  queue.o(i.prvInitialiseNewQueue)
    prvInitialiseNewQueue                    0x08003555   Thumb Code    38  queue.o(i.prvInitialiseNewQueue)
    i.prvInitialiseNewTask                   0x0800357a   Section        0  tasks.o(i.prvInitialiseNewTask)
    prvInitialiseNewTask                     0x0800357b   Thumb Code   170  tasks.o(i.prvInitialiseNewTask)
    i.prvInitialiseNewTimer                  0x08003624   Section        0  timers.o(i.prvInitialiseNewTimer)
    prvInitialiseNewTimer                    0x08003625   Thumb Code    78  timers.o(i.prvInitialiseNewTimer)
    i.prvInitialiseTaskLists                 0x08003674   Section        0  tasks.o(i.prvInitialiseTaskLists)
    prvInitialiseTaskLists                   0x08003675   Thumb Code    70  tasks.o(i.prvInitialiseTaskLists)
    i.prvInsertBlockIntoFreeList             0x080036dc   Section        0  heap_4.o(i.prvInsertBlockIntoFreeList)
    prvInsertBlockIntoFreeList               0x080036dd   Thumb Code    96  heap_4.o(i.prvInsertBlockIntoFreeList)
    i.prvInsertTimerInActiveList             0x08003744   Section        0  timers.o(i.prvInsertTimerInActiveList)
    prvInsertTimerInActiveList               0x08003745   Thumb Code    80  timers.o(i.prvInsertTimerInActiveList)
    i.prvIsQueueEmpty                        0x0800379c   Section        0  queue.o(i.prvIsQueueEmpty)
    prvIsQueueEmpty                          0x0800379d   Thumb Code    26  queue.o(i.prvIsQueueEmpty)
    i.prvIsQueueFull                         0x080037b6   Section        0  queue.o(i.prvIsQueueFull)
    prvIsQueueFull                           0x080037b7   Thumb Code    30  queue.o(i.prvIsQueueFull)
    i.prvProcessExpiredTimer                 0x080037d4   Section        0  timers.o(i.prvProcessExpiredTimer)
    prvProcessExpiredTimer                   0x080037d5   Thumb Code    94  timers.o(i.prvProcessExpiredTimer)
    i.prvProcessReceivedCommands             0x08003838   Section        0  timers.o(i.prvProcessReceivedCommands)
    prvProcessReceivedCommands               0x08003839   Thumb Code   242  timers.o(i.prvProcessReceivedCommands)
    i.prvProcessTimerOrBlockTask             0x08003930   Section        0  timers.o(i.prvProcessTimerOrBlockTask)
    prvProcessTimerOrBlockTask               0x08003931   Thumb Code   102  timers.o(i.prvProcessTimerOrBlockTask)
    i.prvResetNextTaskUnblockTime            0x080039a4   Section        0  tasks.o(i.prvResetNextTaskUnblockTime)
    prvResetNextTaskUnblockTime              0x080039a5   Thumb Code    42  tasks.o(i.prvResetNextTaskUnblockTime)
    i.prvSampleTimeNow                       0x080039d8   Section        0  timers.o(i.prvSampleTimeNow)
    prvSampleTimeNow                         0x080039d9   Thumb Code    40  timers.o(i.prvSampleTimeNow)
    i.prvSwitchTimerLists                    0x08003a04   Section        0  timers.o(i.prvSwitchTimerLists)
    prvSwitchTimerLists                      0x08003a05   Thumb Code   150  timers.o(i.prvSwitchTimerLists)
    i.prvTaskExitError                       0x08003aa4   Section        0  port.o(i.prvTaskExitError)
    prvTaskExitError                         0x08003aa5   Thumb Code    60  port.o(i.prvTaskExitError)
    i.prvTimerTask                           0x08003ae4   Section        0  timers.o(i.prvTimerTask)
    prvTimerTask                             0x08003ae5   Thumb Code    26  timers.o(i.prvTimerTask)
    i.prvUnlockQueue                         0x08003afe   Section        0  queue.o(i.prvUnlockQueue)
    prvUnlockQueue                           0x08003aff   Thumb Code   126  queue.o(i.prvUnlockQueue)
    i.pvPortMalloc                           0x08003b7c   Section        0  heap_4.o(i.pvPortMalloc)
    i.pvTaskIncrementMutexHeldCount          0x08003cb8   Section        0  tasks.o(i.pvTaskIncrementMutexHeldCount)
    i.pxPortInitialiseStack                  0x08003cd8   Section        0  port.o(i.pxPortInitialiseStack)
    i.uxListRemove                           0x08003cfc   Section        0  list.o(i.uxListRemove)
    i.uxQueueSpacesAvailable                 0x08003d24   Section        0  queue.o(i.uxQueueSpacesAvailable)
    i.vListInitialise                        0x08003d54   Section        0  list.o(i.vListInitialise)
    i.vListInitialiseItem                    0x08003d6e   Section        0  list.o(i.vListInitialiseItem)
    i.vListInsert                            0x08003d74   Section        0  list.o(i.vListInsert)
    i.vListInsertEnd                         0x08003da8   Section        0  list.o(i.vListInsertEnd)
    i.vPortEnterCritical                     0x08003dc0   Section        0  port.o(i.vPortEnterCritical)
    i.vPortExitCritical                      0x08003e14   Section        0  port.o(i.vPortExitCritical)
    i.vPortFree                              0x08003e50   Section        0  heap_4.o(i.vPortFree)
    i.vPortSetupTimerInterrupt               0x08003ee4   Section        0  port.o(i.vPortSetupTimerInterrupt)
    i.vPortValidateInterruptPriority         0x08003f04   Section        0  port.o(i.vPortValidateInterruptPriority)
    i.vQueueAddToRegistry                    0x08003f7c   Section        0  queue.o(i.vQueueAddToRegistry)
    i.vQueueWaitForMessageRestricted         0x08003fa8   Section        0  queue.o(i.vQueueWaitForMessageRestricted)
    i.vTaskMissedYield                       0x08003ff4   Section        0  tasks.o(i.vTaskMissedYield)
    i.vTaskPlaceOnEventList                  0x08004000   Section        0  tasks.o(i.vTaskPlaceOnEventList)
    i.vTaskPlaceOnEventListRestricted        0x08004038   Section        0  tasks.o(i.vTaskPlaceOnEventListRestricted)
    i.vTaskPriorityInherit                   0x08004078   Section        0  tasks.o(i.vTaskPriorityInherit)
    i.vTaskSetTimeOutState                   0x08004128   Section        0  tasks.o(i.vTaskSetTimeOutState)
    i.vTaskStartScheduler                    0x08004158   Section        0  tasks.o(i.vTaskStartScheduler)
    i.vTaskSuspendAll                        0x080041ec   Section        0  tasks.o(i.vTaskSuspendAll)
    i.vTaskSwitchContext                     0x080041fc   Section        0  tasks.o(i.vTaskSwitchContext)
    i.xPortStartScheduler                    0x08004288   Section        0  port.o(i.xPortStartScheduler)
    i.xPortSysTickHandler                    0x08004328   Section        0  port.o(i.xPortSysTickHandler)
    i.xQueueGenericCreate                    0x0800435c   Section        0  queue.o(i.xQueueGenericCreate)
    i.xQueueGenericReceive                   0x080043b4   Section        0  queue.o(i.xQueueGenericReceive)
    i.xQueueGenericReset                     0x08004578   Section        0  queue.o(i.xQueueGenericReset)
    i.xQueueGenericSend                      0x08004610   Section        0  queue.o(i.xQueueGenericSend)
    i.xQueueGenericSendFromISR               0x080047b8   Section        0  queue.o(i.xQueueGenericSendFromISR)
    i.xQueueGiveFromISR                      0x080048b0   Section        0  queue.o(i.xQueueGiveFromISR)
    i.xQueueReceiveFromISR                   0x08004990   Section        0  queue.o(i.xQueueReceiveFromISR)
    i.xTaskCheckForTimeOut                   0x08004a5c   Section        0  tasks.o(i.xTaskCheckForTimeOut)
    i.xTaskCreate                            0x08004ae8   Section        0  tasks.o(i.xTaskCreate)
    i.xTaskGetSchedulerState                 0x08004b48   Section        0  tasks.o(i.xTaskGetSchedulerState)
    i.xTaskGetTickCount                      0x08004b68   Section        0  tasks.o(i.xTaskGetTickCount)
    i.xTaskIncrementTick                     0x08004b74   Section        0  tasks.o(i.xTaskIncrementTick)
    i.xTaskPriorityDisinherit                0x08004cbc   Section        0  tasks.o(i.xTaskPriorityDisinherit)
    i.xTaskRemoveFromEventList               0x08004d84   Section        0  tasks.o(i.xTaskRemoveFromEventList)
    i.xTaskResumeAll                         0x08004e1c   Section        0  tasks.o(i.xTaskResumeAll)
    i.xTimerCreate                           0x08004f20   Section        0  timers.o(i.xTimerCreate)
    i.xTimerCreateTimerTask                  0x08004f50   Section        0  timers.o(i.xTimerCreateTimerTask)
    i.xTimerGenericCommand                   0x08004fa4   Section        0  timers.o(i.xTimerGenericCommand)
    .constdata                               0x08005028   Section      104  freertos.o(.constdata)
    .constdata                               0x08005090   Section       24  system_stm32f1xx.o(.constdata)
    .conststring                             0x080050a8   Section       75  freertos.o(.conststring)
    .data                                    0x20000000   Section       40  freertos.o(.data)
    .data                                    0x20000028   Section        4  far_modifytask_resources.o(.data)
    .data                                    0x2000002c   Section        4  gprs_datasendtask_resources.o(.data)
    .data                                    0x20000030   Section        9  stm32f1xx_hal.o(.data)
    .data                                    0x2000003c   Section        4  system_stm32f1xx.o(.data)
    .data                                    0x20000040   Section       24  heap_4.o(.data)
    xStart                                   0x20000040   Data           8  heap_4.o(.data)
    pxEnd                                    0x20000048   Data           4  heap_4.o(.data)
    xFreeBytesRemaining                      0x2000004c   Data           4  heap_4.o(.data)
    xMinimumEverFreeBytesRemaining           0x20000050   Data           4  heap_4.o(.data)
    xBlockAllocatedBit                       0x20000054   Data           4  heap_4.o(.data)
    .data                                    0x20000058   Section       12  port.o(.data)
    uxCriticalNesting                        0x20000058   Data           4  port.o(.data)
    ucMaxSysCallPriority                     0x2000005c   Data           1  port.o(.data)
    ulMaxPRIGROUPValue                       0x20000060   Data           4  port.o(.data)
    .data                                    0x20000064   Section       60  tasks.o(.data)
    pxDelayedTaskList                        0x20000068   Data           4  tasks.o(.data)
    pxOverflowDelayedTaskList                0x2000006c   Data           4  tasks.o(.data)
    uxDeletedTasksWaitingCleanUp             0x20000070   Data           4  tasks.o(.data)
    uxCurrentNumberOfTasks                   0x20000074   Data           4  tasks.o(.data)
    xTickCount                               0x20000078   Data           4  tasks.o(.data)
    uxTopReadyPriority                       0x2000007c   Data           4  tasks.o(.data)
    xSchedulerRunning                        0x20000080   Data           4  tasks.o(.data)
    uxPendedTicks                            0x20000084   Data           4  tasks.o(.data)
    xYieldPending                            0x20000088   Data           4  tasks.o(.data)
    xNumOfOverflows                          0x2000008c   Data           4  tasks.o(.data)
    uxTaskNumber                             0x20000090   Data           4  tasks.o(.data)
    xNextTaskUnblockTime                     0x20000094   Data           4  tasks.o(.data)
    xIdleTaskHandle                          0x20000098   Data           4  tasks.o(.data)
    uxSchedulerSuspended                     0x2000009c   Data           4  tasks.o(.data)
    .data                                    0x200000a0   Section       20  timers.o(.data)
    pxCurrentTimerList                       0x200000a0   Data           4  timers.o(.data)
    pxOverflowTimerList                      0x200000a4   Data           4  timers.o(.data)
    xTimerQueue                              0x200000a8   Data           4  timers.o(.data)
    xTimerTaskHandle                         0x200000ac   Data           4  timers.o(.data)
    xLastTime                                0x200000b0   Data           4  timers.o(.data)
    .bss                                     0x200000b4   Section      396  usart.o(.bss)
    .bss                                     0x20000240   Section       64  stm32f1xx_hal_timebase_tim.o(.bss)
    .bss                                     0x20000280   Section      854  public.o(.bss)
    .bss                                     0x200005d6   Section    20480  heap_4.o(.bss)
    ucHeap                                   0x200005d6   Data       20480  heap_4.o(.bss)
    .bss                                     0x200055d8   Section       64  queue.o(.bss)
    .bss                                     0x20005618   Section      240  tasks.o(.bss)
    pxReadyTasksLists                        0x20005618   Data         140  tasks.o(.bss)
    xDelayedTaskList1                        0x200056a4   Data          20  tasks.o(.bss)
    xDelayedTaskList2                        0x200056b8   Data          20  tasks.o(.bss)
    xPendingReadyList                        0x200056cc   Data          20  tasks.o(.bss)
    xTasksWaitingTermination                 0x200056e0   Data          20  tasks.o(.bss)
    xSuspendedTaskList                       0x200056f4   Data          20  tasks.o(.bss)
    .bss                                     0x20005708   Section       40  timers.o(.bss)
    xActiveTimerList1                        0x20005708   Data          20  timers.o(.bss)
    xActiveTimerList2                        0x2000571c   Data          20  timers.o(.bss)
    STACK                                    0x20005730   Section     1024  startup_stm32f103xe.o(STACK)

    Global Symbols

    Symbol Name                              Value     Ov Type        Size  Object(Section)

    BuildAttributes$$THM_ISAv4$P$D$K$B$S$PE$A:L22UL41UL21$X:L11$S22US41US21$IEEE1$IW$USESV6$~STKCKD$USESV7$~SHL$OSPACE$ROPI$EBA8$MICROLIB$REQ8$PRES8$EABIv2 0x00000000   Number         0  anon$$obj.o ABSOLUTE
    __ARM_use_no_argv                        0x00000000   Number         0  main.o ABSOLUTE
    __cpp_initialize__aeabi_                  - Undefined Weak Reference
    __cxa_finalize                            - Undefined Weak Reference
    __decompress                              - Undefined Weak Reference
    _clock_init                               - Undefined Weak Reference
    _microlib_exit                            - Undefined Weak Reference
    __Vectors_Size                           0x00000130   Number         0  startup_stm32f103xe.o ABSOLUTE
    __Vectors                                0x08000000   Data           4  startup_stm32f103xe.o(RESET)
    __Vectors_End                            0x08000130   Data           0  startup_stm32f103xe.o(RESET)
    __main                                   0x08000131   Thumb Code     0  entry.o(.ARM.Collect$$$$00000000)
    _main_stk                                0x08000131   Thumb Code     0  entry2.o(.ARM.Collect$$$$00000001)
    _main_scatterload                        0x08000135   Thumb Code     0  entry5.o(.ARM.Collect$$$$00000004)
    __main_after_scatterload                 0x08000139   Thumb Code     0  entry5.o(.ARM.Collect$$$$00000004)
    _main_clock                              0x08000139   Thumb Code     0  entry7b.o(.ARM.Collect$$$$00000008)
    _main_cpp_init                           0x08000139   Thumb Code     0  entry8b.o(.ARM.Collect$$$$0000000A)
    _main_init                               0x08000139   Thumb Code     0  entry9a.o(.ARM.Collect$$$$0000000B)
    __rt_final_cpp                           0x08000141   Thumb Code     0  entry10a.o(.ARM.Collect$$$$0000000D)
    __rt_final_exit                          0x08000141   Thumb Code     0  entry11a.o(.ARM.Collect$$$$0000000F)
    SVC_Handler                              0x08000145   Thumb Code    32  port.o(.emb_text)
    __asm___6_port_c_39a90d8d__prvStartFirstTask 0x08000169   Thumb Code    28  port.o(.emb_text)
    PendSV_Handler                           0x08000189   Thumb Code    72  port.o(.emb_text)
    vPortGetIPSR                             0x080001d5   Thumb Code     6  port.o(.emb_text)
    Reset_Handler                            0x080001dd   Thumb Code     8  startup_stm32f103xe.o(.text)
    ADC1_2_IRQHandler                        0x080001f7   Thumb Code     0  startup_stm32f103xe.o(.text)
    ADC3_IRQHandler                          0x080001f7   Thumb Code     0  startup_stm32f103xe.o(.text)
    CAN1_RX1_IRQHandler                      0x080001f7   Thumb Code     0  startup_stm32f103xe.o(.text)
    CAN1_SCE_IRQHandler                      0x080001f7   Thumb Code     0  startup_stm32f103xe.o(.text)
    DMA1_Channel1_IRQHandler                 0x080001f7   Thumb Code     0  startup_stm32f103xe.o(.text)
    DMA1_Channel2_IRQHandler                 0x080001f7   Thumb Code     0  startup_stm32f103xe.o(.text)
    DMA1_Channel4_IRQHandler                 0x080001f7   Thumb Code     0  startup_stm32f103xe.o(.text)
    DMA1_Channel7_IRQHandler                 0x080001f7   Thumb Code     0  startup_stm32f103xe.o(.text)
    DMA2_Channel1_IRQHandler                 0x080001f7   Thumb Code     0  startup_stm32f103xe.o(.text)
    DMA2_Channel2_IRQHandler                 0x080001f7   Thumb Code     0  startup_stm32f103xe.o(.text)
    DMA2_Channel3_IRQHandler                 0x080001f7   Thumb Code     0  startup_stm32f103xe.o(.text)
    DMA2_Channel4_5_IRQHandler               0x080001f7   Thumb Code     0  startup_stm32f103xe.o(.text)
    EXTI0_IRQHandler                         0x080001f7   Thumb Code     0  startup_stm32f103xe.o(.text)
    EXTI15_10_IRQHandler                     0x080001f7   Thumb Code     0  startup_stm32f103xe.o(.text)
    EXTI1_IRQHandler                         0x080001f7   Thumb Code     0  startup_stm32f103xe.o(.text)
    EXTI2_IRQHandler                         0x080001f7   Thumb Code     0  startup_stm32f103xe.o(.text)
    EXTI3_IRQHandler                         0x080001f7   Thumb Code     0  startup_stm32f103xe.o(.text)
    EXTI4_IRQHandler                         0x080001f7   Thumb Code     0  startup_stm32f103xe.o(.text)
    EXTI9_5_IRQHandler                       0x080001f7   Thumb Code     0  startup_stm32f103xe.o(.text)
    FLASH_IRQHandler                         0x080001f7   Thumb Code     0  startup_stm32f103xe.o(.text)
    FSMC_IRQHandler                          0x080001f7   Thumb Code     0  startup_stm32f103xe.o(.text)
    I2C1_ER_IRQHandler                       0x080001f7   Thumb Code     0  startup_stm32f103xe.o(.text)
    I2C1_EV_IRQHandler                       0x080001f7   Thumb Code     0  startup_stm32f103xe.o(.text)
    I2C2_ER_IRQHandler                       0x080001f7   Thumb Code     0  startup_stm32f103xe.o(.text)
    I2C2_EV_IRQHandler                       0x080001f7   Thumb Code     0  startup_stm32f103xe.o(.text)
    PVD_IRQHandler                           0x080001f7   Thumb Code     0  startup_stm32f103xe.o(.text)
    RCC_IRQHandler                           0x080001f7   Thumb Code     0  startup_stm32f103xe.o(.text)
    RTC_Alarm_IRQHandler                     0x080001f7   Thumb Code     0  startup_stm32f103xe.o(.text)
    RTC_IRQHandler                           0x080001f7   Thumb Code     0  startup_stm32f103xe.o(.text)
    SDIO_IRQHandler                          0x080001f7   Thumb Code     0  startup_stm32f103xe.o(.text)
    SPI1_IRQHandler                          0x080001f7   Thumb Code     0  startup_stm32f103xe.o(.text)
    SPI2_IRQHandler                          0x080001f7   Thumb Code     0  startup_stm32f103xe.o(.text)
    SPI3_IRQHandler                          0x080001f7   Thumb Code     0  startup_stm32f103xe.o(.text)
    TAMPER_IRQHandler                        0x080001f7   Thumb Code     0  startup_stm32f103xe.o(.text)
    TIM1_BRK_IRQHandler                      0x080001f7   Thumb Code     0  startup_stm32f103xe.o(.text)
    TIM1_CC_IRQHandler                       0x080001f7   Thumb Code     0  startup_stm32f103xe.o(.text)
    TIM1_TRG_COM_IRQHandler                  0x080001f7   Thumb Code     0  startup_stm32f103xe.o(.text)
    TIM1_UP_IRQHandler                       0x080001f7   Thumb Code     0  startup_stm32f103xe.o(.text)
    TIM2_IRQHandler                          0x080001f7   Thumb Code     0  startup_stm32f103xe.o(.text)
    TIM3_IRQHandler                          0x080001f7   Thumb Code     0  startup_stm32f103xe.o(.text)
    TIM4_IRQHandler                          0x080001f7   Thumb Code     0  startup_stm32f103xe.o(.text)
    TIM5_IRQHandler                          0x080001f7   Thumb Code     0  startup_stm32f103xe.o(.text)
    TIM6_IRQHandler                          0x080001f7   Thumb Code     0  startup_stm32f103xe.o(.text)
    TIM7_IRQHandler                          0x080001f7   Thumb Code     0  startup_stm32f103xe.o(.text)
    TIM8_BRK_IRQHandler                      0x080001f7   Thumb Code     0  startup_stm32f103xe.o(.text)
    TIM8_CC_IRQHandler                       0x080001f7   Thumb Code     0  startup_stm32f103xe.o(.text)
    TIM8_TRG_COM_IRQHandler                  0x080001f7   Thumb Code     0  startup_stm32f103xe.o(.text)
    UART4_IRQHandler                         0x080001f7   Thumb Code     0  startup_stm32f103xe.o(.text)
    UART5_IRQHandler                         0x080001f7   Thumb Code     0  startup_stm32f103xe.o(.text)
    USBWakeUp_IRQHandler                     0x080001f7   Thumb Code     0  startup_stm32f103xe.o(.text)
    USB_HP_CAN1_TX_IRQHandler                0x080001f7   Thumb Code     0  startup_stm32f103xe.o(.text)
    USB_LP_CAN1_RX0_IRQHandler               0x080001f7   Thumb Code     0  startup_stm32f103xe.o(.text)
    WWDG_IRQHandler                          0x080001f7   Thumb Code     0  startup_stm32f103xe.o(.text)
    __aeabi_memcpy                           0x08000201   Thumb Code    36  memcpya.o(.text)
    __aeabi_memcpy4                          0x08000201   Thumb Code     0  memcpya.o(.text)
    __aeabi_memcpy8                          0x08000201   Thumb Code     0  memcpya.o(.text)
    __aeabi_memset                           0x08000225   Thumb Code    14  memseta.o(.text)
    __aeabi_memset4                          0x08000225   Thumb Code     0  memseta.o(.text)
    __aeabi_memset8                          0x08000225   Thumb Code     0  memseta.o(.text)
    __aeabi_memclr                           0x08000233   Thumb Code     4  memseta.o(.text)
    __aeabi_memclr4                          0x08000233   Thumb Code     0  memseta.o(.text)
    __aeabi_memclr8                          0x08000233   Thumb Code     0  memseta.o(.text)
    _memset$wrapper                          0x08000237   Thumb Code    18  memseta.o(.text)
    __aeabi_f2uiz                            0x08000249   Thumb Code    40  ffixui.o(.text)
    __I$use$fp                               0x08000271   Thumb Code     0  iusefp.o(.text)
    __scatterload                            0x08000271   Thumb Code    28  init.o(.text)
    __scatterload_rt2                        0x08000271   Thumb Code     0  init.o(.text)
    ArrayTurn                                0x08000295   Thumb Code    52  public.o(i.ArrayTurn)
    BusFault_Handler                         0x080002c9   Thumb Code     4  stm32f1xx_it.o(i.BusFault_Handler)
    DMA1_Channel3_IRQHandler                 0x080002cd   Thumb Code    10  stm32f1xx_it.o(i.DMA1_Channel3_IRQHandler)
    DMA1_Channel5_IRQHandler                 0x080002dd   Thumb Code    10  stm32f1xx_it.o(i.DMA1_Channel5_IRQHandler)
    DMA1_Channel6_IRQHandler                 0x080002ed   Thumb Code    10  stm32f1xx_it.o(i.DMA1_Channel6_IRQHandler)
    DebugMon_Handler                         0x08000329   Thumb Code     2  stm32f1xx_it.o(i.DebugMon_Handler)
    Far_ModifyTask                           0x0800032d   Thumb Code   214  freertos.o(i.Far_ModifyTask)
    GPRS_DataSendTask                        0x08000411   Thumb Code   194  freertos.o(i.GPRS_DataSendTask)
    HAL_DMA_Abort                            0x080004dd   Thumb Code    58  stm32f1xx_hal_dma.o(i.HAL_DMA_Abort)
    HAL_DMA_Abort_IT                         0x08000519   Thumb Code   414  stm32f1xx_hal_dma.o(i.HAL_DMA_Abort_IT)
    HAL_DMA_IRQHandler                       0x080006c1   Thumb Code   910  stm32f1xx_hal_dma.o(i.HAL_DMA_IRQHandler)
    HAL_DMA_Init                             0x08000a59   Thumb Code   140  stm32f1xx_hal_dma.o(i.HAL_DMA_Init)
    HAL_DMA_Start_IT                         0x08000aed   Thumb Code   156  stm32f1xx_hal_dma.o(i.HAL_DMA_Start_IT)
    HAL_GPIO_Init                            0x08000b89   Thumb Code   790  stm32f1xx_hal_gpio.o(i.HAL_GPIO_Init)
    HAL_GPIO_WritePin                        0x08000ec9   Thumb Code    12  stm32f1xx_hal_gpio.o(i.HAL_GPIO_WritePin)
    HAL_GetTick                              0x08000ed5   Thumb Code     6  stm32f1xx_hal.o(i.HAL_GetTick)
    HAL_IncTick                              0x08000ee1   Thumb Code    16  stm32f1xx_hal.o(i.HAL_IncTick)
    HAL_Init                                 0x08000ef9   Thumb Code    34  stm32f1xx_hal.o(i.HAL_Init)
    HAL_InitTick                             0x08000f21   Thumb Code   118  stm32f1xx_hal_timebase_tim.o(i.HAL_InitTick)
    HAL_MspInit                              0x08000fa9   Thumb Code   156  stm32f1xx_hal_msp.o(i.HAL_MspInit)
    HAL_NVIC_EnableIRQ                       0x0800104d   Thumb Code    26  stm32f1xx_hal_cortex.o(i.HAL_NVIC_EnableIRQ)
    HAL_NVIC_SetPriority                     0x08001067   Thumb Code   124  stm32f1xx_hal_cortex.o(i.HAL_NVIC_SetPriority)
    HAL_NVIC_SetPriorityGrouping             0x080010e5   Thumb Code    32  stm32f1xx_hal_cortex.o(i.HAL_NVIC_SetPriorityGrouping)
    HAL_RCC_ClockConfig                      0x0800110d   Thumb Code   402  stm32f1xx_hal_rcc.o(i.HAL_RCC_ClockConfig)
    HAL_RCC_GetClockConfig                   0x080012b1   Thumb Code    58  stm32f1xx_hal_rcc.o(i.HAL_RCC_GetClockConfig)
    HAL_RCC_GetHCLKFreq                      0x080012f5   Thumb Code     6  stm32f1xx_hal_rcc.o(i.HAL_RCC_GetHCLKFreq)
    HAL_RCC_GetPCLK1Freq                     0x08001301   Thumb Code    22  stm32f1xx_hal_rcc.o(i.HAL_RCC_GetPCLK1Freq)
    HAL_RCC_GetPCLK2Freq                     0x08001321   Thumb Code    22  stm32f1xx_hal_rcc.o(i.HAL_RCC_GetPCLK2Freq)
    HAL_RCC_GetSysClockFreq                  0x08001341   Thumb Code   116  stm32f1xx_hal_rcc.o(i.HAL_RCC_GetSysClockFreq)
    HAL_RCC_OscConfig                        0x080013d5   Thumb Code  1078  stm32f1xx_hal_rcc.o(i.HAL_RCC_OscConfig)
    HAL_SYSTICK_CLKSourceConfig              0x08001815   Thumb Code    40  stm32f1xx_hal_cortex.o(i.HAL_SYSTICK_CLKSourceConfig)
    HAL_SYSTICK_Config                       0x0800183d   Thumb Code    52  stm32f1xx_hal_cortex.o(i.HAL_SYSTICK_Config)
    HAL_TIMEx_BreakCallback                  0x08001871   Thumb Code     2  stm32f1xx_hal_tim_ex.o(i.HAL_TIMEx_BreakCallback)
    HAL_TIMEx_CommutationCallback            0x08001873   Thumb Code     2  stm32f1xx_hal_tim_ex.o(i.HAL_TIMEx_CommutationCallback)
    HAL_TIM_Base_Init                        0x08001875   Thumb Code    52  stm32f1xx_hal_tim.o(i.HAL_TIM_Base_Init)
    HAL_TIM_Base_MspInit                     0x080018a9   Thumb Code     2  stm32f1xx_hal_tim.o(i.HAL_TIM_Base_MspInit)
    HAL_TIM_Base_Start_IT                    0x080018ab   Thumb Code    30  stm32f1xx_hal_tim.o(i.HAL_TIM_Base_Start_IT)
    HAL_TIM_IC_CaptureCallback               0x080018c9   Thumb Code     2  stm32f1xx_hal_tim.o(i.HAL_TIM_IC_CaptureCallback)
    HAL_TIM_IRQHandler                       0x080018cb   Thumb Code   406  stm32f1xx_hal_tim.o(i.HAL_TIM_IRQHandler)
    HAL_TIM_OC_DelayElapsedCallback          0x08001a61   Thumb Code     2  stm32f1xx_hal_tim.o(i.HAL_TIM_OC_DelayElapsedCallback)
    HAL_TIM_PWM_PulseFinishedCallback        0x08001a63   Thumb Code     2  stm32f1xx_hal_tim.o(i.HAL_TIM_PWM_PulseFinishedCallback)
    HAL_TIM_PeriodElapsedCallback            0x08001a65   Thumb Code    18  main.o(i.HAL_TIM_PeriodElapsedCallback)
    HAL_TIM_TriggerCallback                  0x08001a7d   Thumb Code     2  stm32f1xx_hal_tim.o(i.HAL_TIM_TriggerCallback)
    HAL_UART_DMAStop                         0x08001a7f   Thumb Code   102  stm32f1xx_hal_uart.o(i.HAL_UART_DMAStop)
    HAL_UART_ErrorCallback                   0x08001ae5   Thumb Code     2  stm32f1xx_hal_uart.o(i.HAL_UART_ErrorCallback)
    HAL_UART_IRQHandler                      0x08001ae9   Thumb Code   326  stm32f1xx_hal_uart.o(i.HAL_UART_IRQHandler)
    HAL_UART_Init                            0x08001c35   Thumb Code   114  stm32f1xx_hal_uart.o(i.HAL_UART_Init)
    HAL_UART_MspInit                         0x08001ca9   Thumb Code   496  usart.o(i.HAL_UART_MspInit)
    HAL_UART_Receive_DMA                     0x08001ed5   Thumb Code   182  stm32f1xx_hal_uart.o(i.HAL_UART_Receive_DMA)
    HAL_UART_RxCpltCallback                  0x08001f99   Thumb Code     2  stm32f1xx_hal_uart.o(i.HAL_UART_RxCpltCallback)
    HAL_UART_RxHalfCpltCallback              0x08001f9b   Thumb Code     2  stm32f1xx_hal_uart.o(i.HAL_UART_RxHalfCpltCallback)
    HAL_UART_Transmit                        0x08001f9d   Thumb Code   214  stm32f1xx_hal_uart.o(i.HAL_UART_Transmit)
    HAL_UART_TxCpltCallback                  0x08002073   Thumb Code     2  stm32f1xx_hal_uart.o(i.HAL_UART_TxCpltCallback)
    HardFault_Handler                        0x08002075   Thumb Code     4  stm32f1xx_it.o(i.HardFault_Handler)
    MX_DMA_Init                              0x08002079   Thumb Code    80  dma.o(i.MX_DMA_Init)
    MX_FREERTOS_Init                         0x080020cd   Thumb Code   252  freertos.o(i.MX_FREERTOS_Init)
    MX_GPIO_Init                             0x080021fd   Thumb Code   154  gpio.o(i.MX_GPIO_Init)
    MX_USART1_UART_Init                      0x080022a5   Thumb Code    50  usart.o(i.MX_USART1_UART_Init)
    MX_USART2_UART_Init                      0x080022f1   Thumb Code    56  usart.o(i.MX_USART2_UART_Init)
    MX_USART3_UART_Init                      0x08002341   Thumb Code    50  usart.o(i.MX_USART3_UART_Init)
    MemManage_Handler                        0x0800238d   Thumb Code     4  stm32f1xx_it.o(i.MemManage_Handler)
    Modbus_03_Search                         0x08002391   Thumb Code   128  gprs_datasendtask_resources.o(i.Modbus_03_Search)
    Modbus_Modify                            0x08002411   Thumb Code   574  gprs_datasendtask_resources.o(i.Modbus_Modify)
    NMI_Handler                              0x08002655   Thumb Code     2  stm32f1xx_it.o(i.NMI_Handler)
    SysTick_Handler                          0x080026b9   Thumb Code     8  stm32f1xx_it.o(i.SysTick_Handler)
    SystemClock_Config                       0x080026c1   Thumb Code   128  main.o(i.SystemClock_Config)
    SystemInit                               0x08002751   Thumb Code    70  system_stm32f1xx.o(i.SystemInit)
    TIM8_UP_IRQHandler                       0x080027a9   Thumb Code    10  stm32f1xx_it.o(i.TIM8_UP_IRQHandler)
    TIM_Base_SetConfig                       0x080027b9   Thumb Code   132  stm32f1xx_hal_tim.o(i.TIM_Base_SetConfig)
    Timer_GPRS_DataSendCallback              0x08002851   Thumb Code    14  freertos.o(i.Timer_GPRS_DataSendCallback)
    USART1_IRQHandler                        0x08002cb5   Thumb Code    26  stm32f1xx_it.o(i.USART1_IRQHandler)
    USART1_Serve_Task                        0x08002cdd   Thumb Code    34  freertos.o(i.USART1_Serve_Task)
    USART2_485_Send                          0x08002d09   Thumb Code    42  485module.o(i.USART2_485_Send)
    USART2_IRQHandler                        0x08002d3d   Thumb Code    26  stm32f1xx_it.o(i.USART2_IRQHandler)
    USART2_Serve_Task                        0x08002d65   Thumb Code   110  freertos.o(i.USART2_Serve_Task)
    USART3_485_Send                          0x08002de1   Thumb Code    44  485module.o(i.USART3_485_Send)
    USART3_IRQHandler                        0x08002e15   Thumb Code    26  stm32f1xx_it.o(i.USART3_IRQHandler)
    USART3_Serve_Task                        0x08002e3d   Thumb Code    92  freertos.o(i.USART3_Serve_Task)
    UsageFault_Handler                       0x08002ea5   Thumb Code     4  stm32f1xx_it.o(i.UsageFault_Handler)
    UsartReceive_IDLE                        0x08002ea9   Thumb Code    72  public.o(i.UsartReceive_IDLE)
    _Error_Handler                           0x08002ef1   Thumb Code     4  main.o(i._Error_Handler)
    __scatterload_copy                       0x08002ef5   Thumb Code    14  handlers.o(i.__scatterload_copy)
    __scatterload_null                       0x08002f03   Thumb Code     2  handlers.o(i.__scatterload_null)
    __scatterload_zeroinit                   0x08002f05   Thumb Code    14  handlers.o(i.__scatterload_zeroinit)
    gprsCRC                                  0x08002f13   Thumb Code    54  public.o(i.gprsCRC)
    main                                     0x08002f59   Thumb Code   124  main.o(i.main)
    osKernelStart                            0x08002ffb   Thumb Code    10  cmsis_os.o(i.osKernelStart)
    osSemaphoreCreate                        0x08003005   Thumb Code    44  cmsis_os.o(i.osSemaphoreCreate)
    osSemaphoreRelease                       0x08003031   Thumb Code    76  cmsis_os.o(i.osSemaphoreRelease)
    osSemaphoreWait                          0x08003081   Thumb Code   104  cmsis_os.o(i.osSemaphoreWait)
    osSystickHandler                         0x080030ed   Thumb Code    16  cmsis_os.o(i.osSystickHandler)
    osThreadCreate                           0x080030fd   Thumb Code    48  cmsis_os.o(i.osThreadCreate)
    osTimerCreate                            0x0800312d   Thumb Code    36  cmsis_os.o(i.osTimerCreate)
    osTimerStart                             0x08003155   Thumb Code   100  cmsis_os.o(i.osTimerStart)
    pvPortMalloc                             0x08003b7d   Thumb Code   296  heap_4.o(i.pvPortMalloc)
    pvTaskIncrementMutexHeldCount            0x08003cb9   Thumb Code    26  tasks.o(i.pvTaskIncrementMutexHeldCount)
    pxPortInitialiseStack                    0x08003cd9   Thumb Code    30  port.o(i.pxPortInitialiseStack)
    uxListRemove                             0x08003cfd   Thumb Code    40  list.o(i.uxListRemove)
    uxQueueSpacesAvailable                   0x08003d25   Thumb Code    48  queue.o(i.uxQueueSpacesAvailable)
    vListInitialise                          0x08003d55   Thumb Code    26  list.o(i.vListInitialise)
    vListInitialiseItem                      0x08003d6f   Thumb Code     6  list.o(i.vListInitialiseItem)
    vListInsert                              0x08003d75   Thumb Code    52  list.o(i.vListInsert)
    vListInsertEnd                           0x08003da9   Thumb Code    24  list.o(i.vListInsertEnd)
    vPortEnterCritical                       0x08003dc1   Thumb Code    76  port.o(i.vPortEnterCritical)
    vPortExitCritical                        0x08003e15   Thumb Code    56  port.o(i.vPortExitCritical)
    vPortFree                                0x08003e51   Thumb Code   140  heap_4.o(i.vPortFree)
    vPortSetupTimerInterrupt                 0x08003ee5   Thumb Code    26  port.o(i.vPortSetupTimerInterrupt)
    vPortValidateInterruptPriority           0x08003f05   Thumb Code   106  port.o(i.vPortValidateInterruptPriority)
    vQueueAddToRegistry                      0x08003f7d   Thumb Code    38  queue.o(i.vQueueAddToRegistry)
    vQueueWaitForMessageRestricted           0x08003fa9   Thumb Code    74  queue.o(i.vQueueWaitForMessageRestricted)
    vTaskMissedYield                         0x08003ff5   Thumb Code     8  tasks.o(i.vTaskMissedYield)
    vTaskPlaceOnEventList                    0x08004001   Thumb Code    52  tasks.o(i.vTaskPlaceOnEventList)
    vTaskPlaceOnEventListRestricted          0x08004039   Thumb Code    60  tasks.o(i.vTaskPlaceOnEventListRestricted)
    vTaskPriorityInherit                     0x08004079   Thumb Code   164  tasks.o(i.vTaskPriorityInherit)
    vTaskSetTimeOutState                     0x08004129   Thumb Code    38  tasks.o(i.vTaskSetTimeOutState)
    vTaskStartScheduler                      0x08004159   Thumb Code   118  tasks.o(i.vTaskStartScheduler)
    vTaskSuspendAll                          0x080041ed   Thumb Code    12  tasks.o(i.vTaskSuspendAll)
    vTaskSwitchContext                       0x080041fd   Thumb Code   118  tasks.o(i.vTaskSwitchContext)
    xPortStartScheduler                      0x08004289   Thumb Code   140  port.o(i.xPortStartScheduler)
    xPortSysTickHandler                      0x08004329   Thumb Code    46  port.o(i.xPortSysTickHandler)
    xQueueGenericCreate                      0x0800435d   Thumb Code    88  queue.o(i.xQueueGenericCreate)
    xQueueGenericReceive                     0x080043b5   Thumb Code   446  queue.o(i.xQueueGenericReceive)
    xQueueGenericReset                       0x08004579   Thumb Code   146  queue.o(i.xQueueGenericReset)
    xQueueGenericSend                        0x08004611   Thumb Code   420  queue.o(i.xQueueGenericSend)
    xQueueGenericSendFromISR                 0x080047b9   Thumb Code   248  queue.o(i.xQueueGenericSendFromISR)
    xQueueGiveFromISR                        0x080048b1   Thumb Code   224  queue.o(i.xQueueGiveFromISR)
    xQueueReceiveFromISR                     0x08004991   Thumb Code   202  queue.o(i.xQueueReceiveFromISR)
    xTaskCheckForTimeOut                     0x08004a5d   Thumb Code   132  tasks.o(i.xTaskCheckForTimeOut)
    xTaskCreate                              0x08004ae9   Thumb Code    96  tasks.o(i.xTaskCreate)
    xTaskGetSchedulerState                   0x08004b49   Thumb Code    24  tasks.o(i.xTaskGetSchedulerState)
    xTaskGetTickCount                        0x08004b69   Thumb Code     6  tasks.o(i.xTaskGetTickCount)
    xTaskIncrementTick                       0x08004b75   Thumb Code   282  tasks.o(i.xTaskIncrementTick)
    xTaskPriorityDisinherit                  0x08004cbd   Thumb Code   188  tasks.o(i.xTaskPriorityDisinherit)
    xTaskRemoveFromEventList                 0x08004d85   Thumb Code   128  tasks.o(i.xTaskRemoveFromEventList)
    xTaskResumeAll                           0x08004e1d   Thumb Code   224  tasks.o(i.xTaskResumeAll)
    xTimerCreate                             0x08004f21   Thumb Code    48  timers.o(i.xTimerCreate)
    xTimerCreateTimerTask                    0x08004f51   Thumb Code    64  timers.o(i.xTimerCreateTimerTask)
    xTimerGenericCommand                     0x08004fa5   Thumb Code   126  timers.o(i.xTimerGenericCommand)
    AHBPrescTable                            0x08005090   Data          16  system_stm32f1xx.o(.constdata)
    APBPrescTable                            0x080050a0   Data           8  system_stm32f1xx.o(.constdata)
    Region$$Table$$Base                      0x080050f4   Number         0  anon$$obj.o(Region$$Table)
    Region$$Table$$Limit                     0x08005114   Number         0  anon$$obj.o(Region$$Table)
    Far_ModifyHandle                         0x20000000   Data           4  freertos.o(.data)
    USART1_ServeHandle                       0x20000004   Data           4  freertos.o(.data)
    USART2_ServeHandle                       0x20000008   Data           4  freertos.o(.data)
    USART3_ServeHandle                       0x2000000c   Data           4  freertos.o(.data)
    GPRS_DataSendHandle                      0x20000010   Data           4  freertos.o(.data)
    Timer_GPRS_DataSendHandle                0x20000014   Data           4  freertos.o(.data)
    bSem_USART1_ServeHandle                  0x20000018   Data           4  freertos.o(.data)
    bSem_USART2_ServeHandle                  0x2000001c   Data           4  freertos.o(.data)
    bSem_USART3_ServeHandle                  0x20000020   Data           4  freertos.o(.data)
    bSem_GPRS_DataSendHandle                 0x20000024   Data           4  freertos.o(.data)
    Far_Modify                               0x20000028   Data           4  far_modifytask_resources.o(.data)
    GPRS_DataSend                            0x2000002c   Data           4  gprs_datasendtask_resources.o(.data)
    uwTick                                   0x20000030   Data           4  stm32f1xx_hal.o(.data)
    uwTickPrio                               0x20000034   Data           4  stm32f1xx_hal.o(.data)
    uwTickFreq                               0x20000038   Data           1  stm32f1xx_hal.o(.data)
    SystemCoreClock                          0x2000003c   Data           4  system_stm32f1xx.o(.data)
    pxCurrentTCB                             0x20000064   Data           4  tasks.o(.data)
    huart1                                   0x200000b4   Data          64  usart.o(.bss)
    huart2                                   0x200000f4   Data          64  usart.o(.bss)
    huart3                                   0x20000134   Data          64  usart.o(.bss)
    hdma_usart1_rx                           0x20000174   Data          68  usart.o(.bss)
    hdma_usart2_rx                           0x200001b8   Data          68  usart.o(.bss)
    hdma_usart3_rx                           0x200001fc   Data          68  usart.o(.bss)
    htim8                                    0x20000240   Data          64  stm32f1xx_hal_timebase_tim.o(.bss)
    UsartType_1                              0x20000280   Data         260  public.o(.bss)
    UsartType_2                              0x20000384   Data         260  public.o(.bss)
    UsartType_3                              0x20000488   Data         260  public.o(.bss)
    BoardRegister                            0x2000058c   Data          74  public.o(.bss)
    xQueueRegistry                           0x200055d8   Data          64  queue.o(.bss)
    __initial_sp                             0x20005b30   Data           0  startup_stm32f103xe.o(STACK)



==============================================================================

Memory Map of the image

  Image Entry point : 0x08000131

  Load Region LR_IROM1 (Base: 0x08000000, Size: 0x000051c8, Max: 0x00080000, ABSOLUTE)

    Execution Region ER_IROM1 (Base: 0x08000000, Size: 0x00005114, Max: 0x00080000, ABSOLUTE)

    Base Addr    Size         Type   Attr      Idx    E Section Name        Object

    0x08000000   0x00000130   Data   RO         2913    RESET               startup_stm32f103xe.o
    0x08000130   0x00000000   Code   RO         4139  * .ARM.Collect$$$$00000000  mc_w.l(entry.o)
    0x08000130   0x00000004   Code   RO         4152    .ARM.Collect$$$$00000001  mc_w.l(entry2.o)
    0x08000134   0x00000004   Code   RO         4155    .ARM.Collect$$$$00000004  mc_w.l(entry5.o)
    0x08000138   0x00000000   Code   RO         4157    .ARM.Collect$$$$00000008  mc_w.l(entry7b.o)
    0x08000138   0x00000000   Code   RO         4159    .ARM.Collect$$$$0000000A  mc_w.l(entry8b.o)
    0x08000138   0x00000008   Code   RO         4160    .ARM.Collect$$$$0000000B  mc_w.l(entry9a.o)
    0x08000140   0x00000000   Code   RO         4162    .ARM.Collect$$$$0000000D  mc_w.l(entry10a.o)
    0x08000140   0x00000000   Code   RO         4164    .ARM.Collect$$$$0000000F  mc_w.l(entry11a.o)
    0x08000140   0x00000004   Code   RO         4153    .ARM.Collect$$$$00002712  mc_w.l(entry2.o)
    0x08000144   0x00000096   Code   RO         2988    .emb_text           port.o
    0x080001da   0x00000002   PAD
    0x080001dc   0x00000024   Code   RO         2914    .text               startup_stm32f103xe.o
    0x08000200   0x00000024   Code   RO         4144    .text               mc_w.l(memcpya.o)
    0x08000224   0x00000024   Code   RO         4146    .text               mc_w.l(memseta.o)
    0x08000248   0x00000028   Code   RO         4150    .text               mf_w.l(ffixui.o)
    0x08000270   0x00000000   Code   RO         4166    .text               mc_w.l(iusefp.o)
    0x08000270   0x00000024   Code   RO         4167    .text               mc_w.l(init.o)
    0x08000294   0x00000034   Code   RO          574    i.ArrayTurn         public.o
    0x080002c8   0x00000004   Code   RO          404    i.BusFault_Handler  stm32f1xx_it.o
    0x080002cc   0x00000010   Code   RO          405    i.DMA1_Channel3_IRQHandler  stm32f1xx_it.o
    0x080002dc   0x00000010   Code   RO          406    i.DMA1_Channel5_IRQHandler  stm32f1xx_it.o
    0x080002ec   0x00000010   Code   RO          407    i.DMA1_Channel6_IRQHandler  stm32f1xx_it.o
    0x080002fc   0x0000002c   Code   RO         2326    i.DMA_SetConfig     stm32f1xx_hal_dma.o
    0x08000328   0x00000002   Code   RO          408    i.DebugMon_Handler  stm32f1xx_it.o
    0x0800032a   0x00000002   PAD
    0x0800032c   0x000000e4   Code   RO          246    i.Far_ModifyTask    freertos.o
    0x08000410   0x000000cc   Code   RO          247    i.GPRS_DataSendTask  freertos.o
    0x080004dc   0x0000003a   Code   RO         2327    i.HAL_DMA_Abort     stm32f1xx_hal_dma.o
    0x08000516   0x00000002   PAD
    0x08000518   0x000001a8   Code   RO         2328    i.HAL_DMA_Abort_IT  stm32f1xx_hal_dma.o
    0x080006c0   0x00000398   Code   RO         2332    i.HAL_DMA_IRQHandler  stm32f1xx_hal_dma.o
    0x08000a58   0x00000094   Code   RO         2333    i.HAL_DMA_Init      stm32f1xx_hal_dma.o
    0x08000aec   0x0000009c   Code   RO         2337    i.HAL_DMA_Start_IT  stm32f1xx_hal_dma.o
    0x08000b88   0x00000340   Code   RO         2263    i.HAL_GPIO_Init     stm32f1xx_hal_gpio.o
    0x08000ec8   0x0000000c   Code   RO         2267    i.HAL_GPIO_WritePin  stm32f1xx_hal_gpio.o
    0x08000ed4   0x0000000c   Code   RO         1969    i.HAL_GetTick       stm32f1xx_hal.o
    0x08000ee0   0x00000018   Code   RO         1973    i.HAL_IncTick       stm32f1xx_hal.o
    0x08000ef8   0x00000028   Code   RO         1974    i.HAL_Init          stm32f1xx_hal.o
    0x08000f20   0x00000088   Code   RO          534    i.HAL_InitTick      stm32f1xx_hal_timebase_tim.o
    0x08000fa8   0x000000a4   Code   RO          510    i.HAL_MspInit       stm32f1xx_hal_msp.o
    0x0800104c   0x0000001a   Code   RO         2423    i.HAL_NVIC_EnableIRQ  stm32f1xx_hal_cortex.o
    0x08001066   0x0000007c   Code   RO         2429    i.HAL_NVIC_SetPriority  stm32f1xx_hal_cortex.o
    0x080010e2   0x00000002   PAD
    0x080010e4   0x00000028   Code   RO         2430    i.HAL_NVIC_SetPriorityGrouping  stm32f1xx_hal_cortex.o
    0x0800110c   0x000001a4   Code   RO         2118    i.HAL_RCC_ClockConfig  stm32f1xx_hal_rcc.o
    0x080012b0   0x00000044   Code   RO         2122    i.HAL_RCC_GetClockConfig  stm32f1xx_hal_rcc.o
    0x080012f4   0x0000000c   Code   RO         2123    i.HAL_RCC_GetHCLKFreq  stm32f1xx_hal_rcc.o
    0x08001300   0x00000020   Code   RO         2125    i.HAL_RCC_GetPCLK1Freq  stm32f1xx_hal_rcc.o
    0x08001320   0x00000020   Code   RO         2126    i.HAL_RCC_GetPCLK2Freq  stm32f1xx_hal_rcc.o
    0x08001340   0x00000094   Code   RO         2127    i.HAL_RCC_GetSysClockFreq  stm32f1xx_hal_rcc.o
    0x080013d4   0x00000440   Code   RO         2130    i.HAL_RCC_OscConfig  stm32f1xx_hal_rcc.o
    0x08001814   0x00000028   Code   RO         2432    i.HAL_SYSTICK_CLKSourceConfig  stm32f1xx_hal_cortex.o
    0x0800183c   0x00000034   Code   RO         2434    i.HAL_SYSTICK_Config  stm32f1xx_hal_cortex.o
    0x08001870   0x00000002   Code   RO         1394    i.HAL_TIMEx_BreakCallback  stm32f1xx_hal_tim_ex.o
    0x08001872   0x00000002   Code   RO         1395    i.HAL_TIMEx_CommutationCallback  stm32f1xx_hal_tim_ex.o
    0x08001874   0x00000034   Code   RO          755    i.HAL_TIM_Base_Init  stm32f1xx_hal_tim.o
    0x080018a8   0x00000002   Code   RO          757    i.HAL_TIM_Base_MspInit  stm32f1xx_hal_tim.o
    0x080018aa   0x0000001e   Code   RO          760    i.HAL_TIM_Base_Start_IT  stm32f1xx_hal_tim.o
    0x080018c8   0x00000002   Code   RO          784    i.HAL_TIM_IC_CaptureCallback  stm32f1xx_hal_tim.o
    0x080018ca   0x00000196   Code   RO          797    i.HAL_TIM_IRQHandler  stm32f1xx_hal_tim.o
    0x08001a60   0x00000002   Code   RO          800    i.HAL_TIM_OC_DelayElapsedCallback  stm32f1xx_hal_tim.o
    0x08001a62   0x00000002   Code   RO          827    i.HAL_TIM_PWM_PulseFinishedCallback  stm32f1xx_hal_tim.o
    0x08001a64   0x00000018   Code   RO            4    i.HAL_TIM_PeriodElapsedCallback  main.o
    0x08001a7c   0x00000002   Code   RO          838    i.HAL_TIM_TriggerCallback  stm32f1xx_hal_tim.o
    0x08001a7e   0x00000066   Code   RO         1646    i.HAL_UART_DMAStop  stm32f1xx_hal_uart.o
    0x08001ae4   0x00000002   Code   RO         1648    i.HAL_UART_ErrorCallback  stm32f1xx_hal_uart.o
    0x08001ae6   0x00000002   PAD
    0x08001ae8   0x0000014c   Code   RO         1651    i.HAL_UART_IRQHandler  stm32f1xx_hal_uart.o
    0x08001c34   0x00000072   Code   RO         1652    i.HAL_UART_Init     stm32f1xx_hal_uart.o
    0x08001ca6   0x00000002   PAD
    0x08001ca8   0x0000022c   Code   RO          345    i.HAL_UART_MspInit  usart.o
    0x08001ed4   0x000000c4   Code   RO         1656    i.HAL_UART_Receive_DMA  stm32f1xx_hal_uart.o
    0x08001f98   0x00000002   Code   RO         1658    i.HAL_UART_RxCpltCallback  stm32f1xx_hal_uart.o
    0x08001f9a   0x00000002   Code   RO         1659    i.HAL_UART_RxHalfCpltCallback  stm32f1xx_hal_uart.o
    0x08001f9c   0x000000d6   Code   RO         1660    i.HAL_UART_Transmit  stm32f1xx_hal_uart.o
    0x08002072   0x00000002   Code   RO         1663    i.HAL_UART_TxCpltCallback  stm32f1xx_hal_uart.o
    0x08002074   0x00000004   Code   RO          409    i.HardFault_Handler  stm32f1xx_it.o
    0x08002078   0x00000054   Code   RO          222    i.MX_DMA_Init       dma.o
    0x080020cc   0x00000130   Code   RO          248    i.MX_FREERTOS_Init  freertos.o
    0x080021fc   0x000000a8   Code   RO          198    i.MX_GPIO_Init      gpio.o
    0x080022a4   0x0000004c   Code   RO          346    i.MX_USART1_UART_Init  usart.o
    0x080022f0   0x00000050   Code   RO          347    i.MX_USART2_UART_Init  usart.o
    0x08002340   0x0000004c   Code   RO          348    i.MX_USART3_UART_Init  usart.o
    0x0800238c   0x00000004   Code   RO          410    i.MemManage_Handler  stm32f1xx_it.o
    0x08002390   0x00000080   Code   RO          651    i.Modbus_03_Search  gprs_datasendtask_resources.o
    0x08002410   0x00000244   Code   RO          652    i.Modbus_Modify     gprs_datasendtask_resources.o
    0x08002654   0x00000002   Code   RO          411    i.NMI_Handler       stm32f1xx_it.o
    0x08002656   0x00000002   PAD
    0x08002658   0x00000010   Code   RO         2436    i.NVIC_GetPriorityGrouping  stm32f1xx_hal_cortex.o
    0x08002668   0x00000028   Code   RO         2437    i.NVIC_SetPriority  stm32f1xx_hal_cortex.o
    0x08002690   0x00000028   Code   RO         2131    i.RCC_Delay         stm32f1xx_hal_rcc.o
    0x080026b8   0x00000008   Code   RO          412    i.SysTick_Handler   stm32f1xx_it.o
    0x080026c0   0x00000090   Code   RO            5    i.SystemClock_Config  main.o
    0x08002750   0x00000058   Code   RO         2878    i.SystemInit        system_stm32f1xx.o
    0x080027a8   0x00000010   Code   RO          413    i.TIM8_UP_IRQHandler  stm32f1xx_it.o
    0x080027b8   0x00000098   Code   RO          839    i.TIM_Base_SetConfig  stm32f1xx_hal_tim.o
    0x08002850   0x00000014   Code   RO          249    i.Timer_GPRS_DataSendCallback  freertos.o
    0x08002864   0x00000014   Code   RO         1665    i.UART_DMAAbortOnError  stm32f1xx_hal_uart.o
    0x08002878   0x00000050   Code   RO         1666    i.UART_DMAError     stm32f1xx_hal_uart.o
    0x080028c8   0x00000046   Code   RO         1667    i.UART_DMAReceiveCplt  stm32f1xx_hal_uart.o
    0x0800290e   0x0000000e   Code   RO         1669    i.UART_DMARxHalfCplt  stm32f1xx_hal_uart.o
    0x0800291c   0x00000020   Code   RO         1675    i.UART_EndRxTransfer  stm32f1xx_hal_uart.o
    0x0800293c   0x00000020   Code   RO         1676    i.UART_EndTransmit_IT  stm32f1xx_hal_uart.o
    0x0800295c   0x00000014   Code   RO         1677    i.UART_EndTxTransfer  stm32f1xx_hal_uart.o
    0x08002970   0x000000a6   Code   RO         1678    i.UART_Receive_IT   stm32f1xx_hal_uart.o
    0x08002a16   0x00000002   PAD
    0x08002a18   0x000001c8   Code   RO         1679    i.UART_SetConfig    stm32f1xx_hal_uart.o
    0x08002be0   0x00000068   Code   RO         1680    i.UART_Transmit_IT  stm32f1xx_hal_uart.o
    0x08002c48   0x0000006c   Code   RO         1681    i.UART_WaitOnFlagUntilTimeout  stm32f1xx_hal_uart.o
    0x08002cb4   0x00000028   Code   RO          414    i.USART1_IRQHandler  stm32f1xx_it.o
    0x08002cdc   0x0000002c   Code   RO          250    i.USART1_Serve_Task  freertos.o
    0x08002d08   0x00000034   Code   RO          687    i.USART2_485_Send   485module.o
    0x08002d3c   0x00000028   Code   RO          415    i.USART2_IRQHandler  stm32f1xx_it.o
    0x08002d64   0x0000007c   Code   RO          251    i.USART2_Serve_Task  freertos.o
    0x08002de0   0x00000034   Code   RO          688    i.USART3_485_Send   485module.o
    0x08002e14   0x00000028   Code   RO          416    i.USART3_IRQHandler  stm32f1xx_it.o
    0x08002e3c   0x00000068   Code   RO          252    i.USART3_Serve_Task  freertos.o
    0x08002ea4   0x00000004   Code   RO          417    i.UsageFault_Handler  stm32f1xx_it.o
    0x08002ea8   0x00000048   Code   RO          575    i.UsartReceive_IDLE  public.o
    0x08002ef0   0x00000004   Code   RO            6    i._Error_Handler    main.o
    0x08002ef4   0x0000000e   Code   RO         4171    i.__scatterload_copy  mc_w.l(handlers.o)
    0x08002f02   0x00000002   Code   RO         4172    i.__scatterload_null  mc_w.l(handlers.o)
    0x08002f04   0x0000000e   Code   RO         4173    i.__scatterload_zeroinit  mc_w.l(handlers.o)
    0x08002f12   0x00000036   Code   RO          576    i.gprsCRC           public.o
    0x08002f48   0x00000010   Code   RO         3764    i.inHandlerMode     cmsis_os.o
    0x08002f58   0x00000094   Code   RO            7    i.main              main.o
    0x08002fec   0x0000000e   Code   RO         3766    i.makeFreeRtosPriority  cmsis_os.o
    0x08002ffa   0x0000000a   Code   RO         3771    i.osKernelStart     cmsis_os.o
    0x08003004   0x0000002c   Code   RO         3797    i.osSemaphoreCreate  cmsis_os.o
    0x08003030   0x00000050   Code   RO         3800    i.osSemaphoreRelease  cmsis_os.o
    0x08003080   0x0000006c   Code   RO         3801    i.osSemaphoreWait   cmsis_os.o
    0x080030ec   0x00000010   Code   RO         3804    i.osSystickHandler  cmsis_os.o
    0x080030fc   0x00000030   Code   RO         3805    i.osThreadCreate    cmsis_os.o
    0x0800312c   0x00000028   Code   RO         3816    i.osTimerCreate     cmsis_os.o
    0x08003154   0x00000068   Code   RO         3818    i.osTimerStart      cmsis_os.o
    0x080031bc   0x00000098   Code   RO         3352    i.prvAddCurrentTaskToDelayedList  tasks.o
    0x08003254   0x000000b4   Code   RO         3353    i.prvAddNewTaskToReadyList  tasks.o
    0x08003308   0x00000064   Code   RO         3644    i.prvCheckForValidListAndQueue  timers.o
    0x0800336c   0x00000064   Code   RO         3354    i.prvCheckTasksWaitingTermination  tasks.o
    0x080033d0   0x0000002a   Code   RO         3191    i.prvCopyDataFromQueue  queue.o
    0x080033fa   0x0000007c   Code   RO         3192    i.prvCopyDataToQueue  queue.o
    0x08003476   0x00000012   Code   RO         3355    i.prvDeleteTCB      tasks.o
    0x08003488   0x00000028   Code   RO         3645    i.prvGetNextExpireTime  timers.o
    0x080034b0   0x0000007c   Code   RO         2918    i.prvHeapInit       heap_4.o
    0x0800352c   0x00000028   Code   RO         3356    i.prvIdleTask       tasks.o
    0x08003554   0x00000026   Code   RO         3194    i.prvInitialiseNewQueue  queue.o
    0x0800357a   0x000000aa   Code   RO         3357    i.prvInitialiseNewTask  tasks.o
    0x08003624   0x0000004e   Code   RO         3646    i.prvInitialiseNewTimer  timers.o
    0x08003672   0x00000002   PAD
    0x08003674   0x00000068   Code   RO         3358    i.prvInitialiseTaskLists  tasks.o
    0x080036dc   0x00000068   Code   RO         2919    i.prvInsertBlockIntoFreeList  heap_4.o
    0x08003744   0x00000058   Code   RO         3647    i.prvInsertTimerInActiveList  timers.o
    0x0800379c   0x0000001a   Code   RO         3195    i.prvIsQueueEmpty   queue.o
    0x080037b6   0x0000001e   Code   RO         3196    i.prvIsQueueFull    queue.o
    0x080037d4   0x00000064   Code   RO         3648    i.prvProcessExpiredTimer  timers.o
    0x08003838   0x000000f8   Code   RO         3649    i.prvProcessReceivedCommands  timers.o
    0x08003930   0x00000074   Code   RO         3650    i.prvProcessTimerOrBlockTask  timers.o
    0x080039a4   0x00000034   Code   RO         3359    i.prvResetNextTaskUnblockTime  tasks.o
    0x080039d8   0x0000002c   Code   RO         3651    i.prvSampleTimeNow  timers.o
    0x08003a04   0x000000a0   Code   RO         3652    i.prvSwitchTimerLists  timers.o
    0x08003aa4   0x00000040   Code   RO         2989    i.prvTaskExitError  port.o
    0x08003ae4   0x0000001a   Code   RO         3653    i.prvTimerTask      timers.o
    0x08003afe   0x0000007e   Code   RO         3197    i.prvUnlockQueue    queue.o
    0x08003b7c   0x0000013c   Code   RO         2920    i.pvPortMalloc      heap_4.o
    0x08003cb8   0x00000020   Code   RO         3361    i.pvTaskIncrementMutexHeldCount  tasks.o
    0x08003cd8   0x00000024   Code   RO         2990    i.pxPortInitialiseStack  port.o
    0x08003cfc   0x00000028   Code   RO         3154    i.uxListRemove      list.o
    0x08003d24   0x00000030   Code   RO         3200    i.uxQueueSpacesAvailable  queue.o
    0x08003d54   0x0000001a   Code   RO         3155    i.vListInitialise   list.o
    0x08003d6e   0x00000006   Code   RO         3156    i.vListInitialiseItem  list.o
    0x08003d74   0x00000034   Code   RO         3157    i.vListInsert       list.o
    0x08003da8   0x00000018   Code   RO         3158    i.vListInsertEnd    list.o
    0x08003dc0   0x00000054   Code   RO         2992    i.vPortEnterCritical  port.o
    0x08003e14   0x0000003c   Code   RO         2993    i.vPortExitCritical  port.o
    0x08003e50   0x00000094   Code   RO         2921    i.vPortFree         heap_4.o
    0x08003ee4   0x00000020   Code   RO         2994    i.vPortSetupTimerInterrupt  port.o
    0x08003f04   0x00000078   Code   RO         2995    i.vPortValidateInterruptPriority  port.o
    0x08003f7c   0x0000002c   Code   RO         3201    i.vQueueAddToRegistry  queue.o
    0x08003fa8   0x0000004a   Code   RO         3204    i.vQueueWaitForMessageRestricted  queue.o
    0x08003ff2   0x00000002   PAD
    0x08003ff4   0x0000000c   Code   RO         3370    i.vTaskMissedYield  tasks.o
    0x08004000   0x00000038   Code   RO         3372    i.vTaskPlaceOnEventList  tasks.o
    0x08004038   0x00000040   Code   RO         3373    i.vTaskPlaceOnEventListRestricted  tasks.o
    0x08004078   0x000000b0   Code   RO         3375    i.vTaskPriorityInherit  tasks.o
    0x08004128   0x00000030   Code   RO         3378    i.vTaskSetTimeOutState  tasks.o
    0x08004158   0x00000094   Code   RO         3379    i.vTaskStartScheduler  tasks.o
    0x080041ec   0x00000010   Code   RO         3381    i.vTaskSuspendAll   tasks.o
    0x080041fc   0x0000008c   Code   RO         3382    i.vTaskSwitchContext  tasks.o
    0x08004288   0x000000a0   Code   RO         2996    i.xPortStartScheduler  port.o
    0x08004328   0x00000034   Code   RO         2997    i.xPortSysTickHandler  port.o
    0x0800435c   0x00000058   Code   RO         3206    i.xQueueGenericCreate  queue.o
    0x080043b4   0x000001c4   Code   RO         3207    i.xQueueGenericReceive  queue.o
    0x08004578   0x00000098   Code   RO         3208    i.xQueueGenericReset  queue.o
    0x08004610   0x000001a8   Code   RO         3209    i.xQueueGenericSend  queue.o
    0x080047b8   0x000000f8   Code   RO         3210    i.xQueueGenericSendFromISR  queue.o
    0x080048b0   0x000000e0   Code   RO         3211    i.xQueueGiveFromISR  queue.o
    0x08004990   0x000000ca   Code   RO         3215    i.xQueueReceiveFromISR  queue.o
    0x08004a5a   0x00000002   PAD
    0x08004a5c   0x0000008c   Code   RO         3383    i.xTaskCheckForTimeOut  tasks.o
    0x08004ae8   0x00000060   Code   RO         3384    i.xTaskCreate       tasks.o
    0x08004b48   0x00000020   Code   RO         3388    i.xTaskGetSchedulerState  tasks.o
    0x08004b68   0x0000000c   Code   RO         3389    i.xTaskGetTickCount  tasks.o
    0x08004b74   0x00000148   Code   RO         3391    i.xTaskIncrementTick  tasks.o
    0x08004cbc   0x000000c8   Code   RO         3394    i.xTaskPriorityDisinherit  tasks.o
    0x08004d84   0x00000098   Code   RO         3395    i.xTaskRemoveFromEventList  tasks.o
    0x08004e1c   0x00000104   Code   RO         3397    i.xTaskResumeAll    tasks.o
    0x08004f20   0x00000030   Code   RO         3656    i.xTimerCreate      timers.o
    0x08004f50   0x00000054   Code   RO         3657    i.xTimerCreateTimerTask  timers.o
    0x08004fa4   0x00000084   Code   RO         3658    i.xTimerGenericCommand  timers.o
    0x08005028   0x00000068   Data   RO          253    .constdata          freertos.o
    0x08005090   0x00000018   Data   RO         2879    .constdata          system_stm32f1xx.o
    0x080050a8   0x0000004b   Data   RO          254    .conststring        freertos.o
    0x080050f3   0x00000001   PAD
    0x080050f4   0x00000020   Data   RO         4169    Region$$Table       anon$$obj.o


    Execution Region RW_IRAM1 (Base: 0x20000000, Size: 0x00005b30, Max: 0x00010000, ABSOLUTE)

    Base Addr    Size         Type   Attr      Idx    E Section Name        Object

    0x20000000   0x00000028   Data   RW          255    .data               freertos.o
    0x20000028   0x00000004   Data   RW          623    .data               far_modifytask_resources.o
    0x2000002c   0x00000004   Data   RW          653    .data               gprs_datasendtask_resources.o
    0x20000030   0x00000009   Data   RW         1981    .data               stm32f1xx_hal.o
    0x20000039   0x00000003   PAD
    0x2000003c   0x00000004   Data   RW         2880    .data               system_stm32f1xx.o
    0x20000040   0x00000018   Data   RW         2926    .data               heap_4.o
    0x20000058   0x0000000c   Data   RW         2998    .data               port.o
    0x20000064   0x0000003c   Data   RW         3400    .data               tasks.o
    0x200000a0   0x00000014   Data   RW         3664    .data               timers.o
    0x200000b4   0x0000018c   Zero   RW          350    .bss                usart.o
    0x20000240   0x00000040   Zero   RW          537    .bss                stm32f1xx_hal_timebase_tim.o
    0x20000280   0x00000356   Zero   RW          577    .bss                public.o
    0x200005d6   0x00005000   Zero   RW         2925    .bss                heap_4.o
    0x200055d6   0x00000002   PAD
    0x200055d8   0x00000040   Zero   RW         3216    .bss                queue.o
    0x20005618   0x000000f0   Zero   RW         3399    .bss                tasks.o
    0x20005708   0x00000028   Zero   RW         3663    .bss                timers.o
    0x20005730   0x00000400   Zero   RW         2911    STACK               startup_stm32f103xe.o


==============================================================================

Image component sizes


      Code (inc. data)   RO Data    RW Data    ZI Data      Debug   Object Name

       104         18          0          0          0       1292   485module.o
       480         16          0          0          0      17838   cmsis_os.o
        84          4          0          0          0        682   dma.o
         0          0          0          0          0       8016   event_groups.o
         0          0          0          4          0       1549   far_modifytask_resources.o
      1028        118        179         40          0       6397   freertos.o
       168         14          0          0          0        831   gpio.o
       708          6          0          4          0       2435   gprs_datasendtask_resources.o
       692         62          0         24      20480      13991   heap_4.o
       148          0          0          0          0       3250   list.o
       320         46          0          0          0     500409   main.o
       758         80          0         12          0      10781   port.o
       178          0          0          0        854       6824   public.o
      2342         22          0          0         64      17157   queue.o
        36          8        304          0       1024        744   startup_stm32f103xe.o
        76         20          0          9          0       2442   stm32f1xx_hal.o
       338         22          0          0          0      26573   stm32f1xx_hal_cortex.o
      1750         28          0          0          0       5038   stm32f1xx_hal_dma.o
       844         42          0          0          0       2588   stm32f1xx_hal_gpio.o
       164          8          0          0          0        878   stm32f1xx_hal_msp.o
      1840        118          0          0          0       6309   stm32f1xx_hal_rcc.o
       650         20          0          0          0       5682   stm32f1xx_hal_tim.o
         4          0          0          0          0       1446   stm32f1xx_hal_tim_ex.o
       136         18          0          0         64       1408   stm32f1xx_hal_timebase_tim.o
      2068         26          0          0          0      13071   stm32f1xx_hal_uart.o
       212         66          0          0          0       5845   stm32f1xx_it.o
        88         18         24          4          0       1079   system_stm32f1xx.o
      2728        360          0         60        240      21676   tasks.o
      1264        116          0         20         40      11274   timers.o
       788        136          0          0        396       3009   usart.o

    ----------------------------------------------------------------------
     20018       1392        540        180      23164     700514   Object Totals
         0          0         32          0          0          0   (incl. Generated)
        22          0          1          3          2          0   (incl. Padding)

    ----------------------------------------------------------------------

      Code (inc. data)   RO Data    RW Data    ZI Data      Debug   Library Member Name

         0          0          0          0          0          0   entry.o
         0          0          0          0          0          0   entry10a.o
         0          0          0          0          0          0   entry11a.o
         8          4          0          0          0          0   entry2.o
         4          0          0          0          0          0   entry5.o
         0          0          0          0          0          0   entry7b.o
         0          0          0          0          0          0   entry8b.o
         8          4          0          0          0          0   entry9a.o
        30          0          0          0          0          0   handlers.o
        36          8          0          0          0         68   init.o
         0          0          0          0          0          0   iusefp.o
        36          0          0          0          0         68   memcpya.o
        36          0          0          0          0        108   memseta.o
        40          0          0          0          0         68   ffixui.o

    ----------------------------------------------------------------------
       198         16          0          0          0        312   Library Totals
         0          0          0          0          0          0   (incl. Padding)

    ----------------------------------------------------------------------

      Code (inc. data)   RO Data    RW Data    ZI Data      Debug   Library Name

       158         16          0          0          0        244   mc_w.l
        40          0          0          0          0         68   mf_w.l

    ----------------------------------------------------------------------
       198         16          0          0          0        312   Library Totals

    ----------------------------------------------------------------------

==============================================================================


      Code (inc. data)   RO Data    RW Data    ZI Data      Debug   

     20216       1408        540        180      23164     691826   Grand Totals
     20216       1408        540        180      23164     691826   ELF Image Totals
     20216       1408        540        180          0          0   ROM Totals

==============================================================================

    Total RO  Size (Code + RO Data)                20756 (  20.27kB)
    Total RW  Size (RW Data + ZI Data)             23344 (  22.80kB)
    Total ROM Size (Code + RO Data + RW Data)      20936 (  20.45kB)

==============================================================================

